
Running 12 tests using 1 worker

  x   1 tests\e2e\sepolia.spec.ts:169:5 › wallet on Sepolia signs in; switching to another network invalidates the session (5.0m)
  -   2 tests\e2e\sepolia.spec.ts:180:5 › administrator registers the synthetic institution and signer through the portal
  -   3 tests\e2e\sepolia.spec.ts:235:5 › institution signer issues three synthetic credentials with EIP-712 e-sign and downloads their PDFs
  -   4 tests\e2e\sepolia.spec.ts:243:5 › the QR record page verifies without session, upload, OCR or a new transaction
  -   5 tests\e2e\sepolia.spec.ts:262:5 › uploading the issued PDF yields MATCH from a real FHE comparison
  -   6 tests\e2e\sepolia.spec.ts:269:5 › one changed attribute with a valid QR yields MISMATCH on that attribute
  -   7 tests\e2e\sepolia.spec.ts:281:5 › a QR that differs from the expected credential is refused before any comparison transaction
  -   8 tests\e2e\sepolia.spec.ts:288:5 › a valid QR for B on a document with A attributes yields MISMATCH against record B
  -   9 tests\e2e\sepolia.spec.ts:299:5 › a document without a valid QR for this application ends INCONCLUSIVE without a transaction
  -  10 tests\e2e\sepolia.spec.ts:305:5 › revoking credential C through the portal is reflected on the QR page, in uploads and in PDF access
  -  11 tests\e2e\sepolia.spec.ts:333:5 › history and report are available only to the owning session
  -  12 tests\e2e\sepolia.spec.ts:349:5 › a record on the trusted legacy v1 contract is shown read-only (when a legacy ID is provided)


  1) tests\e2e\sepolia.spec.ts:169:5 › wallet on Sepolia signs in; switching to another network invalidates the session 

    Test timeout of 300000ms exceeded.

    Error: locator.click: Target page, context or browser has been closed
    Call log:
      - waiting for getByRole('button', { name: 'Masuk dengan wallet', exact: true })


      133 |     await connect.click();
      134 |     await page.getByRole('dialog').getByRole('button', { name: new RegExp(WALLET_NAME) }).click();
    > 135 |   } else await page.getByRole('button', { name: 'Masuk dengan wallet', exact: true }).click();
          |                                                                                       ^
      136 |   await page.getByRole('button', { name: 'Kirim pesan', exact: true }).click();
      137 |   await expect.poll(sessionWallet, { timeout: 60_000 }).toBe(expected);
      138 | }
        at signIn (C:\Users\Maulana\AppData\Local\Temp\uasw\live\apps\web\tests\e2e\sepolia.spec.ts:135:87)
        at C:\Users\Maulana\AppData\Local\Temp\uasw\live\apps\web\tests\e2e\sepolia.spec.ts:171:3

    attachment #1: screenshot (image/png) ──────────────────────────────────────────────────────────
    test-results\sepolia-wallet-on-Sepolia--3a02d-ork-invalidates-the-session\test-failed-1.png
    ────────────────────────────────────────────────────────────────────────────────────────────────

    Error Context: test-results\sepolia-wallet-on-Sepolia--3a02d-ork-invalidates-the-session\error-context.md

    Error Context: test-results\sepolia-wallet-on-Sepolia--3a02d-ork-invalidates-the-session\error-context.md

    attachment #4: trace (application/zip) ─────────────────────────────────────────────────────────
    test-results\sepolia-wallet-on-Sepolia--3a02d-ork-invalidates-the-session\trace.zip
    Usage:

        pnpm exec playwright show-trace test-results\sepolia-wallet-on-Sepolia--3a02d-ork-invalidates-the-session\trace.zip

    ────────────────────────────────────────────────────────────────────────────────────────────────

  1 failed
    tests\e2e\sepolia.spec.ts:169:5 › wallet on Sepolia signs in; switching to another network invalidates the session 
  11 did not run
undefined
C:\Users\Maulana\AppData\Local\Temp\uasw\live\apps\web:
 ERR_PNPM_RECURSIVE_EXEC_FIRST_FAIL  Command "playwright" not found
