# command : pnpm --filter @verifikasi/contracts coverage
# cwd     : 
# commit  : 63119ba tracked-changes=6
# started : 2026-10-04T03:56:10Z (UTC) / 2026-10-04T10:56:10 WIB
# node    : v24.21.0  pnpm: 10.19.0  os: MINGW64_NT-10.0-26300
# ----------------------------------------------------------------

> @verifikasi/contracts@0.1.0 coverage C:\Users\Maulana\Pictures\Matkul IF\Semester 7\Blockchain\UAS\Degree-E-Sign-and-Verifier-ZamaFHE-main\contracts
> node scripts/coverage.cjs


Version
=======
> solidity-coverage: v0.8.17

Instrumenting for coverage...
=============================

> VerifikasiIjazah.sol

Compilation:
============

Nothing to compile

Network Info
============
> HardhatEVM: v2.28.6
> network:    hardhat

[91mPackage resolution failed: package name: @fhevm/host-contracts, root: C:\Users\Maulana\Pictures\Matkul IF\Semester 7\Blockchain\UAS\Degree-E-Sign-and-Verifier-ZamaFHE-main\contracts[39m
Error: Cannot find module '@fhevm\host-contracts\package.json'
Require stack:
- C:\Users\Maulana\Pictures\Matkul IF\Semester 7\Blockchain\UAS\Degree-E-Sign-and-Verifier-ZamaFHE-main\node_modules\.pnpm\@fhevm+hardhat-plugin@0.4.2_163c5cf07fb57bda4b6238bd85ae8135\node_modules\@fhevm\hardhat-plugin\_cjs\internal\deploy\setup.js
- C:\Users\Maulana\Pictures\Matkul IF\Semester 7\Blockchain\UAS\Degree-E-Sign-and-Verifier-ZamaFHE-main\node_modules\.pnpm\@fhevm+hardhat-plugin@0.4.2_163c5cf07fb57bda4b6238bd85ae8135\node_modules\@fhevm\hardhat-plugin\_cjs\internal\FhevmEnvironment.js
- C:\Users\Maulana\Pictures\Matkul IF\Semester 7\Blockchain\UAS\Degree-E-Sign-and-Verifier-ZamaFHE-main\node_modules\.pnpm\@fhevm+hardhat-plugin@0.4.2_163c5cf07fb57bda4b6238bd85ae8135\node_modules\@fhevm\hardhat-plugin\_cjs\internal\EnvironmentExtender.js
- C:\Users\Maulana\Pictures\Matkul IF\Semester 7\Blockchain\UAS\Degree-E-Sign-and-Verifier-ZamaFHE-main\node_modules\.pnpm\@fhevm+hardhat-plugin@0.4.2_163c5cf07fb57bda4b6238bd85ae8135\node_modules\@fhevm\hardhat-plugin\_cjs\index.js
- C:\Users\Maulana\Pictures\Matkul IF\Semester 7\Blockchain\UAS\Degree-E-Sign-and-Verifier-ZamaFHE-main\contracts\hardhat.config.cjs
- C:\Users\Maulana\Pictures\Matkul IF\Semester 7\Blockchain\UAS\Degree-E-Sign-and-Verifier-ZamaFHE-main\node_modules\.pnpm\hardhat@2.28.6_bufferutil@4_609d1682363ed56c2d47d0b76ec8c94e\node_modules\hardhat\internal\core\config\config-loading.js
- C:\Users\Maulana\Pictures\Matkul IF\Semester 7\Blockchain\UAS\Degree-E-Sign-and-Verifier-ZamaFHE-main\node_modules\.pnpm\hardhat@2.28.6_bufferutil@4_609d1682363ed56c2d47d0b76ec8c94e\node_modules\hardhat\internal\cli\cli.js
    at Module._resolveFilename (node:internal/modules/cjs/loader:1564:15)
    at wrapResolveFilename (node:internal/modules/cjs/loader:1118:27)
    at resolveForCJSWithHooks (node:internal/modules/cjs/loader:1169:12)
    at require.resolve (node:internal/modules/helpers:175:31)
    at __resovePkgPath (C:\Users\Maulana\Pictures\Matkul IF\Semester 7\Blockchain\UAS\Degree-E-Sign-and-Verifier-ZamaFHE-main\node_modules\.pnpm\@fhevm+hardhat-plugin@0.4.2_163c5cf07fb57bda4b6238bd85ae8135\node_modules\@fhevm\hardhat-plugin\src\internal\deploy\setup.ts:136:29)
    at __requireConsumerResolve (C:\Users\Maulana\Pictures\Matkul IF\Semester 7\Blockchain\UAS\Degree-E-Sign-and-Verifier-ZamaFHE-main\node_modules\.pnpm\@fhevm+hardhat-plugin@0.4.2_163c5cf07fb57bda4b6238bd85ae8135\node_modules\@fhevm\hardhat-plugin\src\internal\deploy\setup.ts:158:19)
    at __checkPackages (C:\Users\Maulana\Pictures\Matkul IF\Semester 7\Blockchain\UAS\Degree-E-Sign-and-Verifier-ZamaFHE-main\node_modules\.pnpm\@fhevm+hardhat-plugin@0.4.2_163c5cf07fb57bda4b6238bd85ae8135\node_modules\@fhevm\hardhat-plugin\src\internal\deploy\setup.ts:176:41)
    at setupMockUsingHostContractsArtifacts (C:\Users\Maulana\Pictures\Matkul IF\Semester 7\Blockchain\UAS\Degree-E-Sign-and-Verifier-ZamaFHE-main\node_modules\.pnpm\@fhevm+hardhat-plugin@0.4.2_163c5cf07fb57bda4b6238bd85ae8135\node_modules\@fhevm\hardhat-plugin\src\internal\deploy\setup.ts:255:3)
    at Proxy._deployCore (C:\Users\Maulana\Pictures\Matkul IF\Semester 7\Blockchain\UAS\Degree-E-Sign-and-Verifier-ZamaFHE-main\node_modules\.pnpm\@fhevm+hardhat-plugin@0.4.2_163c5cf07fb57bda4b6238bd85ae8135\node_modules\@fhevm\hardhat-plugin\src\internal\FhevmEnvironment.ts:771:65)
    at Proxy.deploy (C:\Users\Maulana\Pictures\Matkul IF\Semester 7\Blockchain\UAS\Degree-E-Sign-and-Verifier-ZamaFHE-main\node_modules\.pnpm\@fhevm+hardhat-plugin@0.4.2_163c5cf07fb57bda4b6238bd85ae8135\node_modules\@fhevm\hardhat-plugin\src\internal\FhevmEnvironment.ts:585:7) {
  code: 'MODULE_NOT_FOUND',
  requireStack: [
    'C:\\Users\\Maulana\\Pictures\\Matkul IF\\Semester 7\\Blockchain\\UAS\\Degree-E-Sign-and-Verifier-ZamaFHE-main\\node_modules\\.pnpm\\@fhevm+hardhat-plugin@0.4.2_163c5cf07fb57bda4b6238bd85ae8135\\node_modules\\@fhevm\\hardhat-plugin\\_cjs\\internal\\deploy\\setup.js',
    'C:\\Users\\Maulana\\Pictures\\Matkul IF\\Semester 7\\Blockchain\\UAS\\Degree-E-Sign-and-Verifier-ZamaFHE-main\\node_modules\\.pnpm\\@fhevm+hardhat-plugin@0.4.2_163c5cf07fb57bda4b6238bd85ae8135\\node_modules\\@fhevm\\hardhat-plugin\\_cjs\\internal\\FhevmEnvironment.js',
    'C:\\Users\\Maulana\\Pictures\\Matkul IF\\Semester 7\\Blockchain\\UAS\\Degree-E-Sign-and-Verifier-ZamaFHE-main\\node_modules\\.pnpm\\@fhevm+hardhat-plugin@0.4.2_163c5cf07fb57bda4b6238bd85ae8135\\node_modules\\@fhevm\\hardhat-plugin\\_cjs\\internal\\EnvironmentExtender.js',
    'C:\\Users\\Maulana\\Pictures\\Matkul IF\\Semester 7\\Blockchain\\UAS\\Degree-E-Sign-and-Verifier-ZamaFHE-main\\node_modules\\.pnpm\\@fhevm+hardhat-plugin@0.4.2_163c5cf07fb57bda4b6238bd85ae8135\\node_modules\\@fhevm\\hardhat-plugin\\_cjs\\index.js',
    'C:\\Users\\Maulana\\Pictures\\Matkul IF\\Semester 7\\Blockchain\\UAS\\Degree-E-Sign-and-Verifier-ZamaFHE-main\\contracts\\hardhat.config.cjs',
    'C:\\Users\\Maulana\\Pictures\\Matkul IF\\Semester 7\\Blockchain\\UAS\\Degree-E-Sign-and-Verifier-ZamaFHE-main\\node_modules\\.pnpm\\hardhat@2.28.6_bufferutil@4_609d1682363ed56c2d47d0b76ec8c94e\\node_modules\\hardhat\\internal\\core\\config\\config-loading.js',
    'C:\\Users\\Maulana\\Pictures\\Matkul IF\\Semester 7\\Blockchain\\UAS\\Degree-E-Sign-and-Verifier-ZamaFHE-main\\node_modules\\.pnpm\\hardhat@2.28.6_bufferutil@4_609d1682363ed56c2d47d0b76ec8c94e\\node_modules\\hardhat\\internal\\cli\\cli.js'
  ]
}
-----------------------|----------|----------|----------|----------|----------------|
File                   |  % Stmts | % Branch |  % Funcs |  % Lines |Uncovered Lines |
-----------------------|----------|----------|----------|----------|----------------|
 src\                  |        0 |        0 |        0 |        0 |                |
  VerifikasiIjazah.sol |        0 |        0 |        0 |        0 |... 331,335,341 |
-----------------------|----------|----------|----------|----------|----------------|
All files              |        0 |        0 |        0 |        0 |                |
-----------------------|----------|----------|----------|----------|----------------|


=============================== Coverage summary ===============================
Statements   : 0% ( 0/99 )
Branches     : 0% ( 0/132 )
Functions    : 0% ( 0/18 )
Lines        : 0% ( 0/132 )
================================================================================
> Istanbul reports written to ./coverage/ and ./coverage.json
[31m[1mError in plugin solidity-coverage:[22m[39m Error: Cannot find module '@fhevm\host-contracts\package.json'
Require stack:
- C:\Users\Maulana\Pictures\Matkul IF\Semester 7\Blockchain\UAS\Degree-E-Sign-and-Verifier-ZamaFHE-main\node_modules\.pnpm\@fhevm+hardhat-plugin@0.4.2_163c5cf07fb57bda4b6238bd85ae8135\node_modules\@fhevm\hardhat-plugin\_cjs\internal\deploy\setup.js
- C:\Users\Maulana\Pictures\Matkul IF\Semester 7\Blockchain\UAS\Degree-E-Sign-and-Verifier-ZamaFHE-main\node_modules\.pnpm\@fhevm+hardhat-plugin@0.4.2_163c5cf07fb57bda4b6238bd85ae8135\node_modules\@fhevm\hardhat-plugin\_cjs\internal\FhevmEnvironment.js
- C:\Users\Maulana\Pictures\Matkul IF\Semester 7\Blockchain\UAS\Degree-E-Sign-and-Verifier-ZamaFHE-main\node_modules\.pnpm\@fhevm+hardhat-plugin@0.4.2_163c5cf07fb57bda4b6238bd85ae8135\node_modules\@fhevm\hardhat-plugin\_cjs\internal\EnvironmentExtender.js
- C:\Users\Maulana\Pictures\Matkul IF\Semester 7\Blockchain\UAS\Degree-E-Sign-and-Verifier-ZamaFHE-main\node_modules\.pnpm\@fhevm+hardhat-plugin@0.4.2_163c5cf07fb57bda4b6238bd85ae8135\node_modules\@fhevm\hardhat-plugin\_cjs\index.js
- C:\Users\Maulana\Pictures\Matkul IF\Semester 7\Blockchain\UAS\Degree-E-Sign-and-Verifier-ZamaFHE-main\contracts\hardhat.config.cjs
- C:\Users\Maulana\Pictures\Matkul IF\Semester 7\Blockchain\UAS\Degree-E-Sign-and-Verifier-ZamaFHE-main\node_modules\.pnpm\hardhat@2.28.6_bufferutil@4_609d1682363ed56c2d47d0b76ec8c94e\node_modules\hardhat\internal\core\config\config-loading.js
- C:\Users\Maulana\Pictures\Matkul IF\Semester 7\Blockchain\UAS\Degree-E-Sign-and-Verifier-ZamaFHE-main\node_modules\.pnpm\hardhat@2.28.6_bufferutil@4_609d1682363ed56c2d47d0b76ec8c94e\node_modules\hardhat\internal\cli\cli.js

For more info run Hardhat with --show-stack-traces
C:\Users\Maulana\Pictures\Matkul IF\Semester 7\Blockchain\UAS\Degree-E-Sign-and-Verifier-ZamaFHE-main\contracts:
 ERR_PNPM_RECURSIVE_RUN_FIRST_FAIL  @verifikasi/contracts@0.1.0 coverage: `node scripts/coverage.cjs`
Exit status 1
# ----------------------------------------------------------------
# finished: 2026-10-04T03:56:15Z (UTC) duration=4s
EXIT_CODE=1
