# command : pnpm --filter @verifikasi/contracts coverage
# cwd     : 
# commit  : 63119ba tracked-changes=6
# started : 2026-10-04T03:55:14Z (UTC) / 2026-10-04T10:55:14 WIB
# node    : v24.21.0  pnpm: 10.19.0  os: MINGW64_NT-10.0-26300
# ----------------------------------------------------------------

> @verifikasi/contracts@0.1.0 coverage C:\Users\Maulana\Pictures\Matkul IF\Semester 7\Blockchain\UAS\Degree-E-Sign-and-Verifier-ZamaFHE-main\contracts
> hardhat coverage


Version
=======
> solidity-coverage: v0.8.17

Instrumenting for coverage...
=============================

> VerifikasiIjazah.sol

Compilation:
============

Compiled 24 Solidity files successfully (evm target: cancun).

Network Info
============
> HardhatEVM: v2.28.6
> network:    hardhat

[0m[0m
 ╔════════════════════════════════════════════════════════════════════════════════════════╗
 ║  [92m[1m@fhevm/hardhat-plugin: Wrong Hardhat Network Config for Solidity Coverage.[22m[39m            ║
 ╠════════════════════════════════════════════════════════════════════════════════════════╣
 ║  You are running hardhat using solidity coverage with a wrong hardhat network config.  ║
 ║  To solve the problem you can do one of the following:                                 ║
 ║                                                                                        ║
 ║  1. set SOLIDITY_COVERAGE env variable to 'true' (the preferred way)                   ║
 ║   ex: 'SOLIDITY_COVERAGE=true npx hardhat coverage'                                    ║
 ║                                                                                        ║
 ║  2. or manually set the following hardhat network config parameters:                   ║
 ║     - hre.config.networks.hardhat.allowUnlimitedContractSize = true                    ║
 ║     - hre.config.networks.hardhat.blockGasLimit = 0x1fffffffffffff                     ║
 ║     - hre.config.networks.hardhat.gas = 0xffffffffff                                   ║
 ║     - hre.config.networks.hardhat.gasPrice = 1                                         ║
 ║     - hre.config.networks.hardhat.initialBaseFeePerGas = 0                             ║
 ║                                                                                        ║
 ╚════════════════════════════════════════════════════════════════════════════════════════╝

-----------------------|----------|----------|----------|----------|----------------|
File                   |  % Stmts | % Branch |  % Funcs |  % Lines |Uncovered Lines |
-----------------------|----------|----------|----------|----------|----------------|
 src\                  |        0 |        0 |        0 |        0 |                |
  VerifikasiIjazah.sol |        0 |        0 |        0 |        0 |... 331,335,341 |
-----------------------|----------|----------|----------|----------|----------------|
All files              |        0 |        0 |        0 |        0 |                |
-----------------------|----------|----------|----------|----------|----------------|


=============================== Coverage summary ===============================
Statements   : 0% ( 0/99 )
Branches     : 0% ( 0/132 )
Functions    : 0% ( 0/18 )
Lines        : 0% ( 0/132 )
================================================================================
> Istanbul reports written to ./coverage/ and ./coverage.json
[31m[1mError in plugin solidity-coverage:[22m[39m HardhatFhevmError: Wrong hardhat network config for solidity coverage.

For more info run Hardhat with --show-stack-traces
C:\Users\Maulana\Pictures\Matkul IF\Semester 7\Blockchain\UAS\Degree-E-Sign-and-Verifier-ZamaFHE-main\contracts:
 ERR_PNPM_RECURSIVE_RUN_FIRST_FAIL  @verifikasi/contracts@0.1.0 coverage: `hardhat coverage`
Exit status 1
# ----------------------------------------------------------------
# finished: 2026-10-04T03:55:42Z (UTC) duration=28s
EXIT_CODE=1
