# command : pnpm --filter @verifikasi/contracts coverage
# cwd     : 
# commit  : 63119ba tracked-changes=7
# started : 2026-10-04T03:58:00Z (UTC) / 2026-10-04T10:58:00 WIB
# node    : v24.21.0  pnpm: 10.19.0  os: MINGW64_NT-10.0-26300
# ----------------------------------------------------------------

> @verifikasi/contracts@0.1.0 coverage C:\Users\Maulana\Pictures\Matkul IF\Semester 7\Blockchain\UAS\Degree-E-Sign-and-Verifier-ZamaFHE-main\contracts
> node scripts/coverage.cjs


Version
=======
> solidity-coverage: v0.8.17

Instrumenting for coverage...
=============================

> VerifikasiIjazah.sol

Compilation:
============

Nothing to compile

Network Info
============
> HardhatEVM: v2.28.6
> network:    hardhat



  VerifikasiIjazah — local FHEVM mock (not testnet evidence)
    ✔ rejects unauthorized registry updates, issuance and revocation (213ms)
    ✔ compares all 256 digest bits and decrypts only for the result reader (637ms)
    ✔ S-05: grants no account a decrypt permission on reference values, including the issuing signer (521ms)
    ✔ detects a change in each field, including high digest bits (1722ms)
    ✔ rejects replay of request IDs and attestor nonces (394ms)
    ✔ rejects incorrect signer, domain, relayer, deadline and altered input bindings (282ms)
    ✔ disables comparisons for revoked credentials and inactive issuers (227ms)
    ✔ requires a credential payload signature even when the transaction is signed by the authorized wallet (191ms)
    ✔ rejects payload tampering, cross-domain signatures and ordered ciphertext substitutions (157ms)
    ✔ rejects issuance replay and expiration without expiring already issued records (398ms)
    ✔ S-09: maps malformed and malleable signatures to the contract domain errors (454ms)
    ✔ S-10: validates registry input by byte length with specific errors
    ✔ S-10: rejects signer updates that would not change state instead of succeeding silently (40ms)
    ✔ S-03: binds the credential ID to institution, signer and nonce so another signer cannot occupy it (336ms)
    ✔ S-04: binds the reviewed institution name into the e-signed payload (protocol v2) (197ms)
    ✔ rolls back both nonce and record when FHE input proof fails (177ms)
    ✔ retains historical signer evidence after rotation and permits the replacement to revoke (410ms)
    ✔ retains every authorization period and rejects cross-institution signer reassignment while active
    S-01/S-02: role separation, rotation and administrator continuity
      ✔ rejects a deployment that places two roles on one address (130ms)
      ✔ rejects grants that combine roles or make a signer a service account, in both directions (86ms)
      ✔ rotates relayer, attestor and reader: revoked accounts fail and replacements work (774ms)
      ✔ transfers the administrator without ever leaving the contract without one
    T-02: boundaries, access control, business states and events
      ✔ accepts issuance exactly at the deadline and rejects one second later (155ms)
      ✔ accepts an attestation exactly at its deadline and rejects one second later (377ms)
      ✔ rejects zero values, unsupported versions and wrong version strings (318ms)
      ✔ enforces relayer, result reader and institution boundaries (192ms)
      ✔ handles inactive institutions, missing credentials and repeated revocation (197ms)
      ✔ paginates issuer credentials with empty, exact, beyond and clamped windows (15079ms)
      ✔ emits every state-change event with the expected arguments (385ms)


  29 passing (26s)

-----------------------|----------|----------|----------|----------|----------------|
File                   |  % Stmts | % Branch |  % Funcs |  % Lines |Uncovered Lines |
-----------------------|----------|----------|----------|----------|----------------|
 src\                  |      100 |    99.24 |      100 |      100 |                |
  VerifikasiIjazah.sol |      100 |    99.24 |      100 |      100 |                |
-----------------------|----------|----------|----------|----------|----------------|
All files              |      100 |    99.24 |      100 |      100 |                |
-----------------------|----------|----------|----------|----------|----------------|


=============================== Coverage summary ===============================
Statements   : 100% ( 99/99 )
Branches     : 99.24% ( 131/132 )
Functions    : 100% ( 18/18 )
Lines        : 100% ( 132/132 )
================================================================================
> Istanbul reports written to ./coverage/ and ./coverage.json
# ----------------------------------------------------------------
# finished: 2026-10-04T03:58:30Z (UTC) duration=29s
EXIT_CODE=0
