# command : pnpm --filter @verifikasi/contracts coverage
# cwd     : 
# commit  : f7f791b tracked-changes=3
# started : 2026-10-04T04:04:22Z (UTC) / 2026-10-04T11:04:22 WIB
# node    : v24.21.0  pnpm: 10.19.0  os: MINGW64_NT-10.0-26300
# ----------------------------------------------------------------

> @verifikasi/contracts@0.1.0 coverage C:\Users\Maulana\Pictures\Matkul IF\Semester 7\Blockchain\UAS\Degree-E-Sign-and-Verifier-ZamaFHE-main\contracts
> node scripts/coverage.cjs


Version
=======
> solidity-coverage: v0.8.17

Instrumenting for coverage...
=============================

> VerifikasiIjazah.sol

Compilation:
============

Compiled 1 Solidity file successfully (evm target: cancun).

Network Info
============
> HardhatEVM: v2.28.6
> network:    hardhat



  VerifikasiIjazah — local FHEVM mock (not testnet evidence)
    1) rejects unauthorized registry updates, issuance and revocation
    ✔ compares all 256 digest bits and decrypts only for the result reader (610ms)
    ✔ S-05: grants no account a decrypt permission on reference values, including the issuing signer (502ms)
    ✔ detects a change in each field, including high digest bits (1703ms)
    2) rejects replay of request IDs and attestor nonces
    3) rejects incorrect signer, domain, relayer, deadline and altered input bindings
    4) disables comparisons for revoked credentials and inactive issuers
    ✔ requires a credential payload signature even when the transaction is signed by the authorized wallet (190ms)
    5) rejects payload tampering, cross-domain signatures and ordered ciphertext substitutions
    6) rejects issuance replay and expiration without expiring already issued records
    7) S-09: maps malformed and malleable signatures to the contract domain errors
    8) S-10: validates registry input by byte length with specific errors
    9) S-10: rejects signer updates that would not change state instead of succeeding silently
    10) S-03: binds the credential ID to institution, signer and nonce so another signer cannot occupy it
    11) S-04: binds the reviewed institution name into the e-signed payload (protocol v2)
    ✔ rolls back both nonce and record when FHE input proof fails (177ms)
    12) retains historical signer evidence after rotation and permits the replacement to revoke
    13) retains every authorization period and rejects cross-institution signer reassignment while active
    S-01/S-02: role separation, rotation and administrator continuity
      14) rejects a deployment that places two roles on one address
      15) rejects grants that combine roles or make a signer a service account, in both directions
      16) rotates relayer, attestor and reader: revoked accounts fail and replacements work
      17) transfers the administrator without ever leaving the contract without one
    T-02: boundaries, access control, business states and events
      18) accepts issuance exactly at the deadline and rejects one second later
      19) accepts an attestation exactly at its deadline and rejects one second later
      20) rejects zero values, unsupported versions and wrong version strings
      21) enforces relayer, result reader and institution boundaries
      22) handles inactive institutions, missing credentials and repeated revocation
      ✔ paginates issuer credentials with empty, exact, beyond and clamped windows (15143ms)
      ✔ emits every state-change event with the expected arguments (404ms)


  7 passing (23s)
  22 failing

  1) VerifikasiIjazah — local FHEVM mock (not testnet evidence)
       rejects unauthorized registry updates, issuance and revocation:
     AssertionError [ERR_ASSERTION]: The input did not match the regular expression /UnauthorizedIssuer/. Input:

'Error: VM Exception while processing transaction: reverted with an unrecognized custom error (return data: 0xb41ba2d6)'

      at Context.<anonymous> (test\VerifikasiIjazah.cjs:82:5)

  2) VerifikasiIjazah — local FHEVM mock (not testnet evidence)
       rejects replay of request IDs and attestor nonces:
     AssertionError [ERR_ASSERTION]: The input did not match the regular expression /ReplayedRequest/. Input:

'Error: VM Exception while processing transaction: reverted with an unrecognized custom error (return data: 0xecdd46eb)'

      at Context.<anonymous> (test\VerifikasiIjazah.cjs:127:5)

  3) VerifikasiIjazah — local FHEVM mock (not testnet evidence)
       rejects incorrect signer, domain, relayer, deadline and altered input bindings:
     AssertionError [ERR_ASSERTION]: The input did not match the regular expression /InvalidAttestation/. Input:

'Error: VM Exception while processing transaction: reverted with an unrecognized custom error (return data: 0xbd8ba84d)'

      at Context.<anonymous> (test\VerifikasiIjazah.cjs:133:5)

  4) VerifikasiIjazah — local FHEVM mock (not testnet evidence)
       disables comparisons for revoked credentials and inactive issuers:
     AssertionError [ERR_ASSERTION]: The input did not match the regular expression /CredentialInactive/. Input:

'Error: VM Exception while processing transaction: reverted with an unrecognized custom error (return data: 0xfbfe6850)'

      at Context.<anonymous> (test\VerifikasiIjazah.cjs:149:5)

  5) VerifikasiIjazah — local FHEVM mock (not testnet evidence)
       rejects payload tampering, cross-domain signatures and ordered ciphertext substitutions:
     AssertionError [ERR_ASSERTION]: The input did not match the regular expression /InvalidCredentialAuthorization/. Input:

'Error: VM Exception while processing transaction: reverted with an unrecognized custom error (return data: 0x8359a0f3)'

      at Context.<anonymous> (test\VerifikasiIjazah.cjs:178:7)

  6) VerifikasiIjazah — local FHEVM mock (not testnet evidence)
       rejects issuance replay and expiration without expiring already issued records:
     AssertionError [ERR_ASSERTION]: The input did not match the regular expression /CredentialAlreadyExists/. Input:

'Error: VM Exception while processing transaction: reverted with an unrecognized custom error (return data: 0x724efe91)'

      at Context.<anonymous> (test\VerifikasiIjazah.cjs:195:5)

  7) VerifikasiIjazah — local FHEVM mock (not testnet evidence)
       S-09: maps malformed and malleable signatures to the contract domain errors:
     AssertionError [ERR_ASSERTION]: The input did not match the regular expression /InvalidCredentialAuthorization/. Input:

'Error: VM Exception while processing transaction: reverted with an unrecognized custom error (return data: 0x8359a0f3)'

      at Context.<anonymous> (test\VerifikasiIjazah.cjs:215:7)

  8) VerifikasiIjazah — local FHEVM mock (not testnet evidence)
       S-10: validates registry input by byte length with specific errors:
     AssertionError [ERR_ASSERTION]: The input did not match the regular expression /InvalidIssuer/. Input:

'Error: VM Exception while processing transaction: reverted with an unrecognized custom error (return data: 0xbdbfe216)'

      at Context.<anonymous> (test\VerifikasiIjazah.cjs:226:5)

  9) VerifikasiIjazah — local FHEVM mock (not testnet evidence)
       S-10: rejects signer updates that would not change state instead of succeeding silently:
     AssertionError [ERR_ASSERTION]: The input did not match the regular expression /SignerAlreadyActive/. Input:

'Error: VM Exception while processing transaction: reverted with an unrecognized custom error (return data: 0x136f204b)'

      at Context.<anonymous> (test\VerifikasiIjazah.cjs:241:5)

  10) VerifikasiIjazah — local FHEVM mock (not testnet evidence)
       S-03: binds the credential ID to institution, signer and nonce so another signer cannot occupy it:
     AssertionError [ERR_ASSERTION]: The input did not match the regular expression /CredentialIdMismatch/. Input:

'Error: VM Exception while processing transaction: reverted with an unrecognized custom error (return data: 0xb3efd3a4)'

      at Context.<anonymous> (test\VerifikasiIjazah.cjs:261:5)

  11) VerifikasiIjazah — local FHEVM mock (not testnet evidence)
       S-04: binds the reviewed institution name into the e-signed payload (protocol v2):
     AssertionError [ERR_ASSERTION]: The input did not match the regular expression /IssuerNameChanged/. Input:

'Error: VM Exception while processing transaction: reverted with an unrecognized custom error (return data: 0xe485b6d5)'

      at Context.<anonymous> (test\VerifikasiIjazah.cjs:273:5)

  12) VerifikasiIjazah — local FHEVM mock (not testnet evidence)
       retains historical signer evidence after rotation and permits the replacement to revoke:
     AssertionError [ERR_ASSERTION]: The input did not match the regular expression /UnauthorizedIssuer/. Input:

'Error: VM Exception while processing transaction: reverted with an unrecognized custom error (return data: 0xb41ba2d6)'

      at Context.<anonymous> (test\VerifikasiIjazah.cjs:378:5)

  13) VerifikasiIjazah — local FHEVM mock (not testnet evidence)
       retains every authorization period and rejects cross-institution signer reassignment while active:
     AssertionError [ERR_ASSERTION]: The input did not match the regular expression /UnauthorizedIssuer/. Input:

'Error: VM Exception while processing transaction: reverted with an unrecognized custom error (return data: 0xb41ba2d6)'

      at Context.<anonymous> (test\VerifikasiIjazah.cjs:392:5)

  14) VerifikasiIjazah — local FHEVM mock (not testnet evidence)
       S-01/S-02: role separation, rotation and administrator continuity
         rejects a deployment that places two roles on one address:
     AssertionError [ERR_ASSERTION]: The input did not match the regular expression /RoleConflict/. Input:

'Error: VM Exception while processing transaction: reverted with an unrecognized custom error (return data: 0x987a2dcf0000000000000000000000000000000000000000000000000000000000000000000000000000000000000000f39fd6e51aad88f6f4ce6ab8827279cfffb92266)'

      at Context.<anonymous> (test\VerifikasiIjazah.cjs:292:9)

  15) VerifikasiIjazah — local FHEVM mock (not testnet evidence)
       S-01/S-02: role separation, rotation and administrator continuity
         rejects grants that combine roles or make a signer a service account, in both directions:
     AssertionError [ERR_ASSERTION]: The input did not match the regular expression /RoleConflict/. Input:

'Error: VM Exception while processing transaction: reverted with an unrecognized custom error (return data: 0x987a2dcfa7e0cd0f2772b23ee4c329892293a6bd99d48c306b094d6d008c9a8bb8b731e40000000000000000000000003c44cdddb6a900fa2b585dd299e03d12fa4293bc)'

      at Context.<anonymous> (test\VerifikasiIjazah.cjs:297:7)

  16) VerifikasiIjazah — local FHEVM mock (not testnet evidence)
       S-01/S-02: role separation, rotation and administrator continuity
         rotates relayer, attestor and reader: revoked accounts fail and replacements work:
     AssertionError [ERR_ASSERTION]: The input did not match the regular expression /AccessControlUnauthorizedAccount/. Input:

'Error: VM Exception while processing transaction: reverted with an unrecognized custom error (return data: 0xe2517d3f00000000000000000000000090f79bf6eb2c4f870365e785982e1f101e93b906e2b7fb3b832174769106daebcfd6d1970523240dda11281102db9363b83b0dc4)'

      at Context.<anonymous> (test\VerifikasiIjazah.cjs:331:7)

  17) VerifikasiIjazah — local FHEVM mock (not testnet evidence)
       S-01/S-02: role separation, rotation and administrator continuity
         transfers the administrator without ever leaving the contract without one:
     AssertionError [ERR_ASSERTION]: The input did not match the regular expression /LastAdminRemoval/. Input:

'Error: VM Exception while processing transaction: reverted with an unrecognized custom error (return data: 0xafb50256)'

      at Context.<anonymous> (test\VerifikasiIjazah.cjs:347:7)

  18) VerifikasiIjazah — local FHEVM mock (not testnet evidence)
       T-02: boundaries, access control, business states and events
         accepts issuance exactly at the deadline and rejects one second later:
     AssertionError [ERR_ASSERTION]: The input did not match the regular expression /ExpiredCredentialAuthorization/. Input:

'Error: VM Exception while processing transaction: reverted with an unrecognized custom error (return data: 0xe9698d7a)'

      at Context.<anonymous> (test\VerifikasiIjazah.cjs:415:7)

  19) VerifikasiIjazah — local FHEVM mock (not testnet evidence)
       T-02: boundaries, access control, business states and events
         accepts an attestation exactly at its deadline and rejects one second later:
     AssertionError [ERR_ASSERTION]: The input did not match the regular expression /ExpiredAttestation/. Input:

'Error: VM Exception while processing transaction: reverted with an unrecognized custom error (return data: 0x8074b6f3)'

      at Context.<anonymous> (test\VerifikasiIjazah.cjs:430:7)

  20) VerifikasiIjazah — local FHEVM mock (not testnet evidence)
       T-02: boundaries, access control, business states and events
         rejects zero values, unsupported versions and wrong version strings:
     AssertionError [ERR_ASSERTION]: The input did not match the regular expression /InvalidAddress/. Input:

'Error: VM Exception while processing transaction: reverted with an unrecognized custom error (return data: 0xe6c4247b)'

      at Context.<anonymous> (test\VerifikasiIjazah.cjs:435:7)

  21) VerifikasiIjazah — local FHEVM mock (not testnet evidence)
       T-02: boundaries, access control, business states and events
         enforces relayer, result reader and institution boundaries:
     AssertionError [ERR_ASSERTION]: The input did not match the regular expression /AccessControlUnauthorizedAccount/. Input:

'Error: VM Exception while processing transaction: reverted with an unrecognized custom error (return data: 0xe2517d3f0000000000000000000000009965507d1a55bcc2695c58ba16fb37d819b0a4dce2b7fb3b832174769106daebcfd6d1970523240dda11281102db9363b83b0dc4)'

      at Context.<anonymous> (test\VerifikasiIjazah.cjs:452:7)

  22) VerifikasiIjazah — local FHEVM mock (not testnet evidence)
       T-02: boundaries, access control, business states and events
         handles inactive institutions, missing credentials and repeated revocation:
     AssertionError [ERR_ASSERTION]: The input did not match the regular expression /UnauthorizedIssuer/. Input:

'Error: VM Exception while processing transaction: reverted with an unrecognized custom error (return data: 0xb41ba2d6)'

      at Context.<anonymous> (test\VerifikasiIjazah.cjs:464:7)



-----------------------|----------|----------|----------|----------|----------------|
File                   |  % Stmts | % Branch |  % Funcs |  % Lines |Uncovered Lines |
-----------------------|----------|----------|----------|----------|----------------|
 src\                  |      100 |    62.12 |      100 |    98.48 |                |
  VerifikasiIjazah.sol |      100 |    62.12 |      100 |    98.48 |        182,298 |
-----------------------|----------|----------|----------|----------|----------------|
All files              |      100 |    62.12 |      100 |    98.48 |                |
-----------------------|----------|----------|----------|----------|----------------|


=============================== Coverage summary ===============================
Statements   : 100% ( 99/99 )
Branches     : 62.12% ( 82/132 )
Functions    : 100% ( 18/18 )
Lines        : 98.48% ( 130/132 )
================================================================================
> Istanbul reports written to ./coverage/ and ./coverage.json
[31m[1mError in plugin solidity-coverage:[22m[39m ❌ 22 test(s) failed under coverage.

For more info run Hardhat with --show-stack-traces

[coverage] First attempt failed. Re-running once with the cached instrumented build.


Version
=======
> solidity-coverage: v0.8.17

Instrumenting for coverage...
=============================

> VerifikasiIjazah.sol

Compilation:
============

Nothing to compile

Network Info
============
> HardhatEVM: v2.28.6
> network:    hardhat



  VerifikasiIjazah — local FHEVM mock (not testnet evidence)
    ✔ rejects unauthorized registry updates, issuance and revocation (220ms)
    ✔ compares all 256 digest bits and decrypts only for the result reader (618ms)
    ✔ S-05: grants no account a decrypt permission on reference values, including the issuing signer (492ms)
    ✔ detects a change in each field, including high digest bits (1686ms)
    ✔ rejects replay of request IDs and attestor nonces (393ms)
    ✔ rejects incorrect signer, domain, relayer, deadline and altered input bindings (274ms)
    ✔ disables comparisons for revoked credentials and inactive issuers (204ms)
    ✔ requires a credential payload signature even when the transaction is signed by the authorized wallet (188ms)
    ✔ rejects payload tampering, cross-domain signatures and ordered ciphertext substitutions (152ms)
    ✔ rejects issuance replay and expiration without expiring already issued records (409ms)
    ✔ S-09: maps malformed and malleable signatures to the contract domain errors (461ms)
    ✔ S-10: validates registry input by byte length with specific errors
    ✔ S-10: rejects signer updates that would not change state instead of succeeding silently (38ms)
    ✔ S-03: binds the credential ID to institution, signer and nonce so another signer cannot occupy it (333ms)
    ✔ S-04: binds the reviewed institution name into the e-signed payload (protocol v2) (195ms)
    ✔ rolls back both nonce and record when FHE input proof fails (174ms)
    ✔ retains historical signer evidence after rotation and permits the replacement to revoke (403ms)
    ✔ retains every authorization period and rejects cross-institution signer reassignment while active
    S-01/S-02: role separation, rotation and administrator continuity
      ✔ rejects a deployment that places two roles on one address (127ms)
      ✔ rejects grants that combine roles or make a signer a service account, in both directions (84ms)
      ✔ rotates relayer, attestor and reader: revoked accounts fail and replacements work (772ms)
      ✔ transfers the administrator without ever leaving the contract without one
    T-02: boundaries, access control, business states and events
      ✔ accepts issuance exactly at the deadline and rejects one second later (156ms)
      ✔ accepts an attestation exactly at its deadline and rejects one second later (380ms)
      ✔ rejects zero values, unsupported versions and wrong version strings (318ms)
      ✔ enforces relayer, result reader and institution boundaries (193ms)
      ✔ handles inactive institutions, missing credentials and repeated revocation (196ms)
      ✔ paginates issuer credentials with empty, exact, beyond and clamped windows (15078ms)
      ✔ emits every state-change event with the expected arguments (382ms)


  29 passing (26s)

-----------------------|----------|----------|----------|----------|----------------|
File                   |  % Stmts | % Branch |  % Funcs |  % Lines |Uncovered Lines |
-----------------------|----------|----------|----------|----------|----------------|
 src\                  |      100 |    99.24 |      100 |      100 |                |
  VerifikasiIjazah.sol |      100 |    99.24 |      100 |      100 |                |
-----------------------|----------|----------|----------|----------|----------------|
All files              |      100 |    99.24 |      100 |      100 |                |
-----------------------|----------|----------|----------|----------|----------------|


=============================== Coverage summary ===============================
Statements   : 100% ( 99/99 )
Branches     : 99.24% ( 131/132 )
Functions    : 100% ( 18/18 )
Lines        : 100% ( 132/132 )
================================================================================
> Istanbul reports written to ./coverage/ and ./coverage.json
# ----------------------------------------------------------------
# finished: 2026-10-04T04:05:41Z (UTC) duration=78s
EXIT_CODE=0
