# command : pnpm --filter @verifikasi/credentials coverage
# cwd     : 
# commit  : d98db6a tracked-changes=6
# started : 2026-10-04T03:59:49Z (UTC) / 2026-10-04T10:59:49 WIB
# node    : v24.21.0  pnpm: 10.19.0  os: MINGW64_NT-10.0-26300
# ----------------------------------------------------------------

> @verifikasi/credentials@0.1.0 coverage C:\Users\Maulana\Pictures\Matkul IF\Semester 7\Blockchain\UAS\Degree-E-Sign-and-Verifier-ZamaFHE-main\packages\credentials
> vitest run --coverage --coverage.provider=v8 --coverage.include=src/** --coverage.reporter=text --coverage.reporter=json-summary --coverage.reportsDirectory=coverage


[1m[46m RUN [49m[22m [36mv3.2.7 [39m[90mC:/Users/Maulana/Pictures/Matkul IF/Semester 7/Blockchain/UAS/Degree-E-Sign-and-Verifier-ZamaFHE-main/packages/credentials[39m
      [2mCoverage enabled with [22m[33mv8[39m

 [32m✓[39m tests/credentials.test.ts [2m([22m[2m14 tests[22m[2m)[22m[32m 242[2mms[22m[39m

[2m Test Files [22m [1m[32m1 passed[39m[22m[90m (1)[39m
[2m      Tests [22m [1m[32m14 passed[39m[22m[90m (14)[39m
[2m   Start at [22m 10:59:51
[2m   Duration [22m 1.17s[2m (transform 109ms, setup 0ms, collect 388ms, tests 242ms, environment 0ms, prepare 209ms)[22m

[34m % [39m[2mCoverage report from [22m[33mv8[39m
----------|---------|----------|---------|---------|-------------------
File      | % Stmts | % Branch | % Funcs | % Lines | Uncovered Line #s 
----------|---------|----------|---------|---------|-------------------
All files |    97.9 |    89.33 |     100 |    97.9 |                   
 index.ts |    97.9 |    89.33 |     100 |    97.9 | 131-132,292-293   
----------|---------|----------|---------|---------|-------------------
# ----------------------------------------------------------------
# finished: 2026-10-04T03:59:52Z (UTC) duration=3s
EXIT_CODE=0
