# command : pnpm --filter @verifikasi/chain coverage
# cwd     : 
# commit  : d98db6a tracked-changes=6
# started : 2026-10-04T04:00:17Z (UTC) / 2026-10-04T11:00:17 WIB
# node    : v24.21.0  pnpm: 10.19.0  os: MINGW64_NT-10.0-26300
# ----------------------------------------------------------------

> @verifikasi/chain@0.1.0 coverage C:\Users\Maulana\Pictures\Matkul IF\Semester 7\Blockchain\UAS\Degree-E-Sign-and-Verifier-ZamaFHE-main\packages\chain
> vitest run --coverage --coverage.provider=v8 --coverage.include=src/** --coverage.reporter=text --coverage.reporter=json-summary --coverage.reportsDirectory=coverage


[1m[46m RUN [49m[22m [36mv3.2.4 [39m[90mC:/Users/Maulana/Pictures/Matkul IF/Semester 7/Blockchain/UAS/Degree-E-Sign-and-Verifier-ZamaFHE-main/packages/chain[39m
      [2mCoverage enabled with [22m[33mv8[39m

 [32m✓[39m tests/config.test.ts [2m([22m[2m2 tests[22m[2m)[22m[32m 7[2mms[22m[39m
 [32m✓[39m tests/portal-state.test.ts [2m([22m[2m2 tests[22m[2m)[22m[32m 10[2mms[22m[39m
 [32m✓[39m tests/credential-read.test.ts [2m([22m[2m8 tests[22m[2m)[22m[32m 22[2mms[22m[39m
 [32m✓[39m tests/rpc-provider.test.ts [2m([22m[2m8 tests[22m[2m)[22m[32m 144[2mms[22m[39m
 [32m✓[39m tests/recovery.test.ts [2m([22m[2m20 tests[22m[2m)[22m[33m 319[2mms[22m[39m
 [32m✓[39m tests/credential-browser.test.ts [2m([22m[2m18 tests[22m[2m)[22m[33m 319[2mms[22m[39m

[2m Test Files [22m [1m[32m6 passed[39m[22m[90m (6)[39m
[2m      Tests [22m [1m[32m58 passed[39m[22m[90m (58)[39m
[2m   Start at [22m 11:00:19
[2m   Duration [22m 1.45s[2m (transform 502ms, setup 0ms, collect 2.80s, tests 821ms, environment 1ms, prepare 1.36s)[22m

[34m % [39m[2mCoverage report from [22m[33mv8[39m
------------|---------|----------|---------|---------|--------------------------
File        | % Stmts | % Branch | % Funcs | % Lines | Uncovered Line #s        
------------|---------|----------|---------|---------|--------------------------
All files   |   56.58 |    82.77 |   72.72 |   56.58 |                          
 browser.ts |   81.95 |       90 |      70 |   81.95 | 77-78,142-165            
 index.ts   |       0 |        0 |       0 |       0 | 1-2                      
 server.ts  |   38.63 |    80.43 |      60 |   38.63 | ...3-115,117-121,123-209 
 shared.ts  |   96.63 |    80.55 |     100 |   96.63 | 17-18,20-21              
 types.ts   |       0 |        0 |       0 |       0 | 1-86                     
------------|---------|----------|---------|---------|--------------------------
# ----------------------------------------------------------------
# finished: 2026-10-04T04:00:21Z (UTC) duration=3s
EXIT_CODE=0
