# command : pnpm --filter @verifikasi/domain coverage
# cwd     : 
# commit  : d98db6a tracked-changes=6
# started : 2026-10-04T03:59:45Z (UTC) / 2026-10-04T10:59:45 WIB
# node    : v24.21.0  pnpm: 10.19.0  os: MINGW64_NT-10.0-26300
# ----------------------------------------------------------------

> @verifikasi/domain@0.1.0 coverage C:\Users\Maulana\Pictures\Matkul IF\Semester 7\Blockchain\UAS\Degree-E-Sign-and-Verifier-ZamaFHE-main\packages\domain
> vitest run --coverage --coverage.provider=v8 --coverage.include=src/** --coverage.reporter=text --coverage.reporter=json-summary --coverage.reportsDirectory=coverage


[1m[46m RUN [49m[22m [36mv3.2.7 [39m[90mC:/Users/Maulana/Pictures/Matkul IF/Semester 7/Blockchain/UAS/Degree-E-Sign-and-Verifier-ZamaFHE-main/packages/domain[39m
      [2mCoverage enabled with [22m[33mv8[39m

 [32m✓[39m tests/ocr.test.ts [2m([22m[2m5 tests[22m[2m)[22m[32m 6[2mms[22m[39m
 [32m✓[39m tests/verification.test.ts [2m([22m[2m18 tests[22m[2m)[22m[32m 6[2mms[22m[39m
 [32m✓[39m tests/normalization.test.ts [2m([22m[2m23 tests[22m[2m)[22m[32m 9[2mms[22m[39m
 [32m✓[39m tests/encoding.test.ts [2m([22m[2m6 tests[22m[2m)[22m[32m 107[2mms[22m[39m

[2m Test Files [22m [1m[32m4 passed[39m[22m[90m (4)[39m
[2m      Tests [22m [1m[32m52 passed[39m[22m[90m (52)[39m
[2m   Start at [22m 10:59:47
[2m   Duration [22m 1.13s[2m (transform 235ms, setup 0ms, collect 1.51s, tests 128ms, environment 1ms, prepare 878ms)[22m

[34m % [39m[2mCoverage report from [22m[33mv8[39m
-------------------|---------|----------|---------|---------|-------------------------
File               | % Stmts | % Branch | % Funcs | % Lines | Uncovered Line #s       
-------------------|---------|----------|---------|---------|-------------------------
All files          |   93.92 |    94.21 |   75.86 |   93.92 |                         
 src               |   94.52 |      100 |      60 |   94.52 |                         
  index.ts         |     100 |      100 |     100 |     100 |                         
  schema.ts        |   93.93 |      100 |      60 |   93.93 | 51-52,64-65             
 src/encoding      |   84.28 |    91.66 |   63.63 |   84.28 |                         
  attestation.ts   |     100 |    66.66 |     100 |     100 | 41                      
  digests.ts       |   71.79 |      100 |   55.55 |   71.79 | 16-18,21-22,35-36,43-46 
 src/normalization |     100 |    95.23 |     100 |     100 |                         
  index.ts         |     100 |    95.23 |     100 |     100 | 24,56,72                
 src/ocr           |   97.67 |    85.18 |     100 |   97.67 |                         
  assessment.ts    |   97.67 |    85.18 |     100 |   97.67 | 37                      
 src/verification  |   93.65 |    96.87 |      80 |   93.65 |                         
  decision.ts      |     100 |    97.36 |     100 |     100 | 29                      
  qr.ts            |      90 |    96.15 |   66.66 |      90 | 44-47                   
-------------------|---------|----------|---------|---------|-------------------------
# ----------------------------------------------------------------
# finished: 2026-10-04T03:59:49Z (UTC) duration=3s
EXIT_CODE=0
