# command : pnpm --filter @verifikasi/ocr coverage
# cwd     : 
# commit  : d98db6a tracked-changes=6
# started : 2026-10-04T03:59:52Z (UTC) / 2026-10-04T10:59:52 WIB
# node    : v24.21.0  pnpm: 10.19.0  os: MINGW64_NT-10.0-26300
# ----------------------------------------------------------------

> @verifikasi/ocr@0.1.0 coverage C:\Users\Maulana\Pictures\Matkul IF\Semester 7\Blockchain\UAS\Degree-E-Sign-and-Verifier-ZamaFHE-main\packages\ocr
> vitest run --coverage --coverage.provider=v8 --coverage.include=src/** --coverage.reporter=text --coverage.reporter=json-summary --coverage.reportsDirectory=coverage


[1m[46m RUN [49m[22m [36mv3.2.7 [39m[90mC:/Users/Maulana/Pictures/Matkul IF/Semester 7/Blockchain/UAS/Degree-E-Sign-and-Verifier-ZamaFHE-main/packages/ocr[39m
      [2mCoverage enabled with [22m[33mv8[39m

 [32m✓[39m tests/parse.test.ts [2m([22m[2m6 tests[22m[2m)[22m[32m 6[2mms[22m[39m
 [32m✓[39m tests/regions.test.ts [2m([22m[2m6 tests[22m[2m)[22m[32m 10[2mms[22m[39m
 [32m✓[39m tests/config.test.ts [2m([22m[2m2 tests[22m[2m)[22m[32m 9[2mms[22m[39m
 [32m✓[39m tests/render.test.ts [2m([22m[2m7 tests[22m[2m)[22m[33m 399[2mms[22m[39m
 [32m✓[39m tests/qr.test.ts [2m([22m[2m4 tests[22m[2m)[22m[33m 1029[2mms[22m[39m
   [33m[2m✓[22m[39m readQrCodes[2m > [22msurvives PDF resave and PNG rasterization [33m 462[2mms[22m[39m
[90mstdout[2m | tests/extract.test.ts[2m > [22m[2mextractDocument with real tesseract.js OCR (stage 0 parity gate)[2m > [22m[2mA1-pdf: one QR, four fields, exact values, confidence >= 0.9
[22m[39m[ocr-parity] A1-pdf: 1.3s, min confidence 0.92

[90mstdout[2m | tests/extract.test.ts[2m > [22m[2mextractDocument with real tesseract.js OCR (stage 0 parity gate)[2m > [22m[2mA1-photo: one QR, four fields, exact values, confidence >= 0.9
[22m[39m[ocr-parity] A1-photo: 1.0s, min confidence 0.90

[90mstdout[2m | tests/extract.test.ts[2m > [22m[2mextractDocument with real tesseract.js OCR (stage 0 parity gate)[2m > [22m[2mA1-resaved: one QR, four fields, exact values, confidence >= 0.9
[22m[39m[ocr-parity] A1-resaved: 1.2s, min confidence 0.92

[90mstdout[2m | tests/extract.test.ts[2m > [22m[2mextractDocument with real tesseract.js OCR (stage 0 parity gate)[2m > [22m[2mA1-scan: one QR, four fields, exact values, confidence >= 0.9
[22m[39m[ocr-parity] A1-scan: 1.0s, min confidence 0.90

[90mstdout[2m | tests/extract.test.ts[2m > [22m[2mextractDocument with real tesseract.js OCR (stage 0 parity gate)[2m > [22m[2mB1-pdf: one QR, four fields, exact values, confidence >= 0.9
[22m[39m[ocr-parity] B1-pdf: 1.2s, min confidence 0.91

[90mstdout[2m | tests/extract.test.ts[2m > [22m[2mextractDocument with real tesseract.js OCR (stage 0 parity gate)[2m > [22m[2mB1-photo: one QR, four fields, exact values, confidence >= 0.9
[22m[39m[ocr-parity] B1-photo: 1.0s, min confidence 0.91

[90mstdout[2m | tests/extract.test.ts[2m > [22m[2mextractDocument with real tesseract.js OCR (stage 0 parity gate)[2m > [22m[2mB1-resaved: one QR, four fields, exact values, confidence >= 0.9
[22m[39m[ocr-parity] B1-resaved: 1.2s, min confidence 0.91

[90mstdout[2m | tests/extract.test.ts[2m > [22m[2mextractDocument with real tesseract.js OCR (stage 0 parity gate)[2m > [22m[2mB1-scan: one QR, four fields, exact values, confidence >= 0.9
[22m[39m[ocr-parity] B1-scan: 1.0s, min confidence 0.91

[90mstdout[2m | tests/extract.test.ts[2m > [22m[2mextractDocument with real tesseract.js OCR (stage 0 parity gate)[2m > [22m[2mA1 photo from a different JPEG encoder still reads exact values
[22m[39m[ocr-parity] A1-mupdf-jpeg: min confidence 0.8996

[90mstdout[2m | tests/extract.test.ts[2m > [22m[2mextractDocument with real tesseract.js OCR (stage 0 parity gate)[2m > [22m[2mB1 photo from a different JPEG encoder still reads exact values
[22m[39m[ocr-parity] B1-mupdf-jpeg: min confidence 0.9061

[90mstdout[2m | tests/extract.test.ts[2m > [22m[2mextractDocument with real tesseract.js OCR (stage 0 parity gate)[2m > [22m[2mprocesses a five-page document within the time budget
[22m[39m[ocr-parity] five-page-pdf: 3.9s

 [32m✓[39m tests/extract.test.ts [2m([22m[2m20 tests[22m[2m)[22m[33m 21069[2mms[22m[39m
   [33m[2m✓[22m[39m extractDocument with a stand-in engine[2m > [22mtreats two diploma pages as inconclusive instead of choosing one [33m 320[2mms[22m[39m
   [33m[2m✓[22m[39m extractDocument with real tesseract.js OCR (stage 0 parity gate)[2m > [22mA1-pdf: one QR, four fields, exact values, confidence >= 0.9 [33m 1268[2mms[22m[39m
   [33m[2m✓[22m[39m extractDocument with real tesseract.js OCR (stage 0 parity gate)[2m > [22mA1-photo: one QR, four fields, exact values, confidence >= 0.9 [33m 971[2mms[22m[39m
   [33m[2m✓[22m[39m extractDocument with real tesseract.js OCR (stage 0 parity gate)[2m > [22mA1-resaved: one QR, four fields, exact values, confidence >= 0.9 [33m 1179[2mms[22m[39m
   [33m[2m✓[22m[39m extractDocument with real tesseract.js OCR (stage 0 parity gate)[2m > [22mA1-scan: one QR, four fields, exact values, confidence >= 0.9 [33m 983[2mms[22m[39m
   [33m[2m✓[22m[39m extractDocument with real tesseract.js OCR (stage 0 parity gate)[2m > [22mB1-pdf: one QR, four fields, exact values, confidence >= 0.9 [33m 1175[2mms[22m[39m
   [33m[2m✓[22m[39m extractDocument with real tesseract.js OCR (stage 0 parity gate)[2m > [22mB1-photo: one QR, four fields, exact values, confidence >= 0.9 [33m 990[2mms[22m[39m
   [33m[2m✓[22m[39m extractDocument with real tesseract.js OCR (stage 0 parity gate)[2m > [22mB1-resaved: one QR, four fields, exact values, confidence >= 0.9 [33m 1233[2mms[22m[39m
   [33m[2m✓[22m[39m extractDocument with real tesseract.js OCR (stage 0 parity gate)[2m > [22mB1-scan: one QR, four fields, exact values, confidence >= 0.9 [33m 985[2mms[22m[39m
   [33m[2m✓[22m[39m extractDocument with real tesseract.js OCR (stage 0 parity gate)[2m > [22mA1 photo from a different JPEG encoder still reads exact values [33m 1122[2mms[22m[39m
   [33m[2m✓[22m[39m extractDocument with real tesseract.js OCR (stage 0 parity gate)[2m > [22mB1 photo from a different JPEG encoder still reads exact values [33m 1076[2mms[22m[39m
   [33m[2m✓[22m[39m extractDocument with real tesseract.js OCR (stage 0 parity gate)[2m > [22mchanged-full_name.pdf reads the altered full_name as written [33m 1095[2mms[22m[39m
   [33m[2m✓[22m[39m extractDocument with real tesseract.js OCR (stage 0 parity gate)[2m > [22mchanged-diploma_number.pdf reads the altered diploma_number as written [33m 1088[2mms[22m[39m
   [33m[2m✓[22m[39m extractDocument with real tesseract.js OCR (stage 0 parity gate)[2m > [22mchanged-study_program.pdf reads the altered study_program as written [33m 1106[2mms[22m[39m
   [33m[2m✓[22m[39m extractDocument with real tesseract.js OCR (stage 0 parity gate)[2m > [22mchanged-graduation_date.pdf reads the altered graduation_date as written [33m 1112[2mms[22m[39m
   [33m[2m✓[22m[39m extractDocument with real tesseract.js OCR (stage 0 parity gate)[2m > [22mreads a QR that points to a different person than the printed name [33m 1098[2mms[22m[39m
   [33m[2m✓[22m[39m extractDocument with real tesseract.js OCR (stage 0 parity gate)[2m > [22mprocesses a five-page document within the time budget [33m 3931[2mms[22m[39m

[2m Test Files [22m [1m[32m6 passed[39m[22m[90m (6)[39m
[2m      Tests [22m [1m[32m45 passed[39m[22m[90m (45)[39m
[2m   Start at [22m 10:59:54
[2m   Duration [22m 22.30s[2m (transform 548ms, setup 0ms, collect 1.97s, tests 22.52s, environment 1ms, prepare 1.52s)[22m

[34m % [39m[2mCoverage report from [22m[33mv8[39m
------------|---------|----------|---------|---------|-----------------------
File        | % Stmts | % Branch | % Funcs | % Lines | Uncovered Line #s     
------------|---------|----------|---------|---------|-----------------------
All files   |    91.2 |    85.79 |   86.66 |    91.2 |                       
 assets.ts  |     100 |       75 |     100 |     100 | 12                    
 config.ts  |     100 |      100 |     100 |     100 |                       
 engine.ts  |    93.8 |       76 |   88.88 |    93.8 | 42-43,104-106,125-126 
 extract.ts |     100 |    68.18 |     100 |     100 | 36,40,48-49,56        
 index.ts   |       0 |        0 |       0 |       0 | 1-3                   
 parse.ts   |    67.1 |    93.93 |   66.66 |    67.1 | 37-61                 
 qr.ts      |   94.44 |    85.71 |     100 |   94.44 | 17-18                 
 regions.ts |     100 |    94.73 |     100 |     100 | 17                    
 render.ts  |   98.82 |    89.58 |   85.71 |   98.82 | 28                    
 types.ts   |     100 |      100 |     100 |     100 |                       
------------|---------|----------|---------|---------|-----------------------
# ----------------------------------------------------------------
# finished: 2026-10-04T04:00:17Z (UTC) duration=24s
EXIT_CODE=0
