# command : pnpm --filter @verifikasi/web coverage
# cwd     : 
# commit  : d98db6a tracked-changes=6
# started : 2026-10-04T04:00:21Z (UTC) / 2026-10-04T11:00:21 WIB
# node    : v24.21.0  pnpm: 10.19.0  os: MINGW64_NT-10.0-26300
# ----------------------------------------------------------------

> @verifikasi/web@0.1.0 coverage C:\Users\Maulana\Pictures\Matkul IF\Semester 7\Blockchain\UAS\Degree-E-Sign-and-Verifier-ZamaFHE-main\apps\web
> vitest run --coverage --coverage.provider=v8 --coverage.include=src/** --coverage.reporter=text --coverage.reporter=json-summary --coverage.reportsDirectory=coverage


[1m[46m RUN [49m[22m [36mv3.2.7 [39m[90mC:/Users/Maulana/Pictures/Matkul IF/Semester 7/Blockchain/UAS/Degree-E-Sign-and-Verifier-ZamaFHE-main/apps/web[39m
      [2mCoverage enabled with [22m[33mv8[39m

 [32m✓[39m tests/unit/netlify-blobs.test.ts [2m([22m[2m6 tests[22m[2m)[22m[33m 36650[2mms[22m[39m
   [33m[2m✓[22m[39m uploads 10 MiB through bounded requests, finalizes once and cleans staging [33m 35899[2mms[22m[39m
   [33m[2m✓[22m[39m persists immutable archives separately from job cleanup and validates their digest [33m 331[2mms[22m[39m
 [32m✓[39m tests/unit/diploma-pdf.test.ts [2m([22m[2m6 tests[22m[2m)[22m[33m 10428[2mms[22m[39m
   [33m[2m✓[22m[39m generated diploma, real OCR and QR engines[2m > [22mreads mixed case names and short programs: Maulana Y / IF / 2027-03-09 [33m 1902[2mms[22m[39m
   [33m[2m✓[22m[39m generated diploma, real OCR and QR engines[2m > [22mreads mixed case names and short programs: Maulana Y / IF / 2026-08-15 [33m 1712[2mms[22m[39m
   [33m[2m✓[22m[39m generated diploma, real OCR and QR engines[2m > [22mreads mixed case names and short programs: Budi S / TI / 2027-03-09 [33m 1654[2mms[22m[39m
   [33m[2m✓[22m[39m generated diploma, real OCR and QR engines[2m > [22mreads mixed case names and short programs: Siti Aminah / Informatika / 2027-03-09 [33m 1664[2mms[22m[39m
   [33m[2m✓[22m[39m generated diploma, real OCR and QR engines[2m > [22mreads all visible attributes including wrapped name ANDI PRATAMA [33m 1681[2mms[22m[39m
   [33m[2m✓[22m[39m generated diploma, real OCR and QR engines[2m > [22mreads all visible attributes including wrapped name ANDI PRATAMA PUTRA WIJAYA KUSUMA NUGRAHA SAPUTRA BUDI SANTOSO WIRAWAN SETIAWAN KURNIAWAN [33m 1813[2mms[22m[39m
[90mstderr[2m | tests/unit/documents.test.ts[2m > [22m[2missuer PDF lifecycle, independent of OCR (real PDF and storage)[2m > [22m[2mretries storage failure with the same PDF and origin, without any verification job
[22m[39m{"event":"verification_failure","stage":"ARCHIVE","code":"ARCHIVE_UNAVAILABLE"}

[90mstderr[2m | tests/unit/documents.test.ts[2m > [22m[2missuer PDF lifecycle, independent of OCR (real PDF and storage)[2m > [22m[2mchecks revocation during archiving and again before downloading
[22m[39m{"event":"verification_failure","stage":"ARCHIVE","code":"ARCHIVE_UNAVAILABLE"}

[90mstderr[2m | tests/unit/documents.test.ts[2m > [22m[2mportal document statuses[2m > [22m[2mleaves rows to load on their own when the batch read fails
[22m[39m{"event":"verification_failure","stage":"PROOF_STORAGE","code":"PROOF_STORAGE_UNAVAILABLE"}

[90mstderr[2m | tests/unit/documents.test.ts[2m > [22m[2mportal document statuses[2m > [22m[2mleaves rows to load on their own when the batch read fails
[22m[39m{"event":"verification_failure","stage":"ARCHIVE","code":"ARCHIVE_UNAVAILABLE"}

 [32m✓[39m tests/unit/documents.test.ts [2m([22m[2m19 tests[22m[2m)[22m[33m 10171[2mms[22m[39m
   [33m[2m✓[22m[39m issuer PDF lifecycle, independent of OCR (real PDF and storage)[2m > [22marchives and downloads the issuer PDF without OCR, a queue or a comparison job [33m 695[2mms[22m[39m
   [33m[2m✓[22m[39m issuer PDF lifecycle, independent of OCR (real PDF and storage)[2m > [22muses the private issuance date and rejects replacement from a PDF request [33m 623[2mms[22m[39m
   [33m[2m✓[22m[39m issuer PDF lifecycle, independent of OCR (real PDF and storage)[2m > [22mdeduplicates concurrent generation and preserves the archive across login, cleanup and new dates [33m 1373[2mms[22m[39m
   [33m[2m✓[22m[39m issuer PDF lifecycle, independent of OCR (real PDF and storage)[2m > [22mrecovers a legacy INCONCLUSIVE PDF without reusing or falsifying its OCR result [33m 632[2mms[22m[39m
   [33m[2m✓[22m[39m issuer PDF lifecycle, independent of OCR (real PDF and storage)[2m > [22mrecovers a legacy MISMATCH PDF without reusing or falsifying its OCR result [33m 619[2mms[22m[39m
   [33m[2m✓[22m[39m issuer PDF lifecycle, independent of OCR (real PDF and storage)[2m > [22mrecovers a legacy ERROR PDF without reusing or falsifying its OCR result [33m 625[2mms[22m[39m
   [33m[2m✓[22m[39m issuer PDF lifecycle, independent of OCR (real PDF and storage)[2m > [22mrecovers a legacy DISPATCH_UNAVAILABLE PDF without reusing or falsifying its OCR result [33m 619[2mms[22m[39m
   [33m[2m✓[22m[39m issuer PDF lifecycle, independent of OCR (real PDF and storage)[2m > [22mretries storage failure with the same PDF and origin, without any verification job [33m 1305[2mms[22m[39m
   [33m[2m✓[22m[39m issuer PDF lifecycle, independent of OCR (real PDF and storage)[2m > [22mchecks revocation during archiving and again before downloading [33m 1206[2mms[22m[39m
   [33m[2m✓[22m[39m issuer PDF lifecycle, independent of OCR (real PDF and storage)[2m > [22mblocks anonymous, inactive and cross-institution access [33m 607[2mms[22m[39m
   [33m[2m✓[22m[39m issuer PDF lifecycle, independent of OCR (real PDF and storage)[2m > [22menforces session and CSRF at the API boundary [33m 625[2mms[22m[39m
   [33m[2m✓[22m[39m portal document statuses[2m > [22mloads every row at once without an issuer lookup per credential [33m 603[2mms[22m[39m
   [33m[2m✓[22m[39m portal document statuses[2m > [22mshares statuses only with an active signer and skips revoked records [33m 617[2mms[22m[39m
 [32m✓[39m tests/unit/wallet-authentication.test.ts [2m([22m[2m24 tests[22m[2m)[22m[33m 510[2mms[22m[39m
 [32m✓[39m tests/unit/uploads.test.ts [2m([22m[2m9 tests[22m[2m)[22m[32m 236[2mms[22m[39m
[90mstderr[2m | tests/unit/credentials.test.ts[2m > [22m[2mpublic record proof verification[2m > [22m[2mdistinguishes a missing off-chain payload, an absent chain record, and an RPC failure
[22m[39m{"event":"verification_failure","stage":"RPC","code":"RPC_UNAVAILABLE"}

[90mstderr[2m | tests/unit/credentials.test.ts[2m > [22m[2mpublic record proof verification[2m > [22m[2mdistinguishes a missing off-chain payload, an absent chain record, and an RPC failure
[22m[39m{"event":"verification_failure","stage":"RPC","code":"RPC_UNAVAILABLE"}

 [32m✓[39m tests/unit/credentials.test.ts [2m([22m[2m25 tests[22m[2m)[22m[33m 509[2mms[22m[39m
 [32m✓[39m tests/unit/jobs.test.ts [2m([22m[2m6 tests[22m[2m)[22m[32m 225[2mms[22m[39m
 [32m✓[39m tests/unit/credentials-api.test.ts [2m([22m[2m4 tests[22m[2m)[22m[32m 165[2mms[22m[39m
 [32m✓[39m tests/unit/record-pipeline.test.ts [2m([22m[2m15 tests[22m[2m)[22m[32m 125[2mms[22m[39m
[90mstderr[2m | tests/unit/workflow.test.ts[2m > [22m[2mdurable verification jobs[2m > [22m[2mpersists dispatch intent, recovers queue failure and suppresses acknowledged duplicates
[22m[39m{"event":"verification_failure","stage":"DISPATCH","code":"DISPATCH_UNAVAILABLE"}

 [32m✓[39m tests/unit/workflow.test.ts [2m([22m[2m11 tests[22m[2m)[22m[32m 92[2mms[22m[39m
 [32m✓[39m tests/unit/netlify-queue.test.ts [2m([22m[2m9 tests[22m[2m)[22m[32m 83[2mms[22m[39m
 [32m✓[39m tests/unit/portal-session.test.ts [2m([22m[2m9 tests[22m[2m)[22m[32m 57[2mms[22m[39m
 [32m✓[39m tests/unit/guide-search.test.ts [2m([22m[2m20 tests[22m[2m)[22m[32m 21[2mms[22m[39m
 [32m✓[39m tests/unit/session-api.test.ts [2m([22m[2m3 tests[22m[2m)[22m[32m 19[2mms[22m[39m
 [32m✓[39m tests/unit/store-config.test.ts [2m([22m[2m5 tests[22m[2m)[22m[32m 12[2mms[22m[39m
 [32m✓[39m tests/unit/netlify-upload-client.test.ts [2m([22m[2m2 tests[22m[2m)[22m[32m 10[2mms[22m[39m
 [32m✓[39m tests/unit/diagnostics.test.ts [2m([22m[2m3 tests[22m[2m)[22m[32m 8[2mms[22m[39m
 [32m✓[39m tests/unit/session-storage.test.ts [2m([22m[2m2 tests[22m[2m)[22m[32m 6[2mms[22m[39m

[2m Test Files [22m [1m[32m18 passed[39m[22m[90m (18)[39m
[2m      Tests [22m [1m[32m178 passed[39m[22m[90m (178)[39m
[2m   Start at [22m 11:00:23
[2m   Duration [22m 80.15s[2m (transform 582ms, setup 0ms, collect 13.15s, tests 59.33s, environment 3ms, prepare 2.59s)[22m

[34m % [39m[2mCoverage report from [22m[33mv8[39m
-------------------|---------|----------|---------|---------|-------------------
File               | % Stmts | % Branch | % Funcs | % Lines | Uncovered Line #s 
-------------------|---------|----------|---------|---------|-------------------
All files          |   54.73 |    78.58 |   68.49 |   54.73 |                   
 app               |       0 |        0 |       0 |       0 |                   
  layout.tsx       |       0 |        0 |       0 |       0 | 1-12              
  not-found.tsx    |       0 |        0 |       0 |       0 | 1-2               
  page.tsx         |       0 |        0 |       0 |       0 | 1-33              
 ...edentials/[id] |     100 |      100 |     100 |     100 |                   
  route.ts         |     100 |      100 |     100 |     100 |                   
 .../[id]/document |     100 |    83.33 |     100 |     100 |                   
  route.ts         |     100 |    83.33 |     100 |     100 | 8                 
 ...ument/download |       0 |        0 |       0 |       0 |                   
  route.ts         |       0 |        0 |       0 |       0 | 1-5               
 ...als/[id]/proof |       0 |        0 |       0 |       0 |                   
  route.ts         |       0 |        0 |       0 |       0 | 1-10              
 ...]/verification |     100 |      100 |     100 |     100 |                   
  route.ts         |     100 |      100 |     100 |     100 |                   
 ...entials/drafts |       0 |        0 |       0 |       0 |                   
  route.ts         |       0 |        0 |       0 |       0 | 1-8               
 app/api/demo      |       0 |        0 |       0 |       0 |                   
  route.ts         |       0 |        0 |       0 |       0 | 1-5               
 ...al/maintenance |       0 |        0 |       0 |       0 |                   
  route.ts         |       0 |        0 |       0 |       0 | 1-13              
 ...rtal/challenge |     100 |       75 |     100 |     100 |                   
  route.ts         |     100 |       75 |     100 |     100 | 9                 
 .../portal/config |       0 |        0 |       0 |       0 |                   
  route.ts         |       0 |        0 |       0 |       0 | 1-14              
 ...portal/session |     100 |    88.88 |     100 |     100 |                   
  route.ts         |     100 |    88.88 |     100 |     100 | 21,25,30          
 app/api/session   |     100 |      100 |     100 |     100 |                   
  route.ts         |     100 |      100 |     100 |     100 |                   
 .../[id]/finalize |       0 |        0 |       0 |       0 |                   
  route.ts         |       0 |        0 |       0 |       0 | 1-12              
 ...]/parts/[part] |     100 |      100 |     100 |     100 |                   
  route.ts         |     100 |      100 |     100 |     100 |                   
 ...ploads/intents |       0 |        0 |       0 |       0 |                   
  route.ts         |       0 |        0 |       0 |       0 | 1-9               
 .../uploads/token |       0 |        0 |       0 |       0 |                   
  route.ts         |       0 |        0 |       0 |       0 | 1-4               
 .../verifications |       0 |        0 |       0 |       0 |                   
  route.ts         |       0 |        0 |       0 |       0 | 1-8               
 ...fications/[id] |       0 |        0 |       0 |       0 |                   
  route.ts         |       0 |        0 |       0 |       0 | 1-7               
 ...ns/[id]/report |       0 |        0 |       0 |       0 |                   
  route.ts         |       0 |        0 |       0 |       0 | 1-6               
 ...ons/[id]/retry |       0 |        0 |       0 |       0 |                   
  route.ts         |       0 |        0 |       0 |       0 | 1-23              
 app/bantuan       |       0 |        0 |       0 |       0 |                   
  page.tsx         |       0 |        0 |       0 |       0 | 1-3               
 ...[credentialId] |       0 |        0 |       0 |       0 |                   
  page.tsx         |       0 |        0 |       0 |       0 | 1-2               
 app/panduan       |       0 |        0 |       0 |       0 |                   
  page.tsx         |       0 |        0 |       0 |       0 | 1-7               
 app/penerbit      |       0 |        0 |       0 |       0 |                   
  page.tsx         |       0 |        0 |       0 |       0 | 1-6               
 app/riwayat       |       0 |        0 |       0 |       0 |                   
  page.tsx         |       0 |        0 |       0 |       0 | 1-2               
 app/verifikasi    |       0 |        0 |       0 |       0 |                   
  page.tsx         |       0 |        0 |       0 |       0 | 1-5               
 ...es/credentials |       0 |        0 |       0 |       0 |                   
  ...ialRecord.tsx |       0 |        0 |       0 |       0 | 1-71              
  record-status.ts |       0 |        0 |       0 |       0 | 1-11              
 features/help     |   69.55 |     92.3 |   71.42 |   69.55 |                   
  GuidePage.tsx    |       0 |        0 |       0 |       0 | 1-38              
  GuideSearch.tsx  |       0 |        0 |       0 |       0 | 1-50              
  content.ts       |     100 |      100 |     100 |     100 |                   
  search.ts        |     100 |    94.73 |     100 |     100 | 56,62,77,87       
 features/history  |       0 |        0 |       0 |       0 |                   
  HistoryPage.tsx  |       0 |        0 |       0 |       0 | 1-13              
 features/home     |       0 |        0 |       0 |       0 |                   
  ...echnology.tsx |       0 |        0 |       0 |       0 | 1-81              
 features/layout   |       0 |        0 |       0 |       0 |                   
  AppShell.tsx     |       0 |        0 |       0 |       0 | 1-42              
 features/portal   |   26.64 |    85.26 |   71.42 |   26.64 |                   
  ...lDocument.tsx |       0 |        0 |       0 |       0 | 1-77              
  PortalPage.tsx   |       0 |        0 |       0 |       0 | 1-174             
  ...lSkeleton.tsx |       0 |        0 |       0 |       0 | 1-21              
  WalletHost.tsx   |       0 |        0 |       0 |       0 | 1-61              
  ...tProvider.tsx |       0 |        0 |       0 |       0 | 1-153             
  ...entication.ts |   97.32 |    91.01 |     100 |   97.32 | 92-94,184-185     
  wallet-hint.ts   |       0 |        0 |       0 |       0 | 1-10              
 features/shared   |   70.83 |    66.66 |      50 |   70.83 |                   
  ...ficateArt.tsx |       0 |        0 |       0 |       0 | 1-3               
  api.ts           |      80 |    70.58 |      60 |      80 | 16-19             
  upload-limits.ts |     100 |      100 |     100 |     100 |                   
 ...s/shared/icons |       0 |        0 |       0 |       0 |                   
  Icon.tsx         |       0 |        0 |       0 |       0 | 1-32              
  ...strations.tsx |       0 |        0 |       0 |       0 | 1-48              
  index.tsx        |       0 |        0 |       0 |       0 | 1-49              
 ...s/verification |   20.14 |    36.36 |      25 |   20.14 |                   
  ResultPanel.tsx  |       0 |        0 |       0 |       0 | 1-30              
  ...Workspace.tsx |       0 |        0 |       0 |       0 | 1-46              
  types.ts         |       0 |        0 |       0 |       0 | 1-21              
  upload.ts        |   72.97 |       50 |     100 |   72.97 | ...32-34,38-39,42 
 functions         |       0 |        0 |       0 |       0 |                   
  ...ackground.mts |       0 |        0 |       0 |       0 | 1-3               
  ...intenance.mts |       0 |        0 |       0 |       0 | 1-4               
 server            |   88.08 |    79.54 |    92.8 |   88.08 |                   
  config.ts        |   80.76 |    77.77 |     100 |   80.76 | 24-26,28-29       
  ...repository.ts |   67.16 |    77.77 |   85.71 |   67.16 | ...46,50-55,64-71 
  ...ls-request.ts |      95 |    44.44 |     100 |      95 | 21                
  credentials.ts   |     100 |    88.88 |     100 |     100 | ...15,118,126,130 
  demo.ts          |       0 |        0 |       0 |       0 | 1-22              
  diagnostics.ts   |     100 |      100 |     100 |     100 |                   
  diploma-pdf.ts   |     100 |    76.19 |     100 |     100 | 18,30-35,43,55    
  dispatch.ts      |     100 |      100 |     100 |     100 |                   
  ...nt-archive.ts |   33.33 |    14.28 |      50 |   33.33 | 13-27,29-35       
  document-date.ts |     100 |      100 |     100 |     100 |                   
  ...ment-types.ts |       0 |        0 |       0 |       0 | 1-22              
  ...repository.ts |   59.37 |    66.66 |     100 |   59.37 | 10,17-19,28-36    
  documents.ts     |     100 |    90.62 |     100 |     100 | 28-29,60,73,79,84 
  http.ts          |     100 |    91.83 |     100 |     100 | 31,39,50,56       
  jobs.ts          |   96.35 |    77.16 |     100 |   96.35 | 96-97,132-134     
  maintenance.ts   |   55.55 |       50 |     100 |   55.55 | 12-20             
  netlify-queue.ts |     100 |     92.3 |     100 |     100 | 20,29             
  ...ify-runner.ts |     100 |     87.5 |     100 |     100 | 10-14,25,37,40    
  ...fy-storage.ts |     100 |       75 |     100 |     100 | 12-13,23,26,39    
  ...fy-uploads.ts |     100 |       80 |     100 |     100 | ...25,39-41,46,50 
  pipeline.ts      |   90.58 |    81.25 |     100 |   90.58 | 34-38,49-52       
  reports.ts       |   59.37 |        5 |   33.33 |   59.37 | 8-20,26,36        
  storage.ts       |   84.78 |    74.35 |   93.33 |   84.78 | ...23-124,139-141 
  store.ts         |   92.85 |    79.16 |      75 |   92.85 | 48,64-66          
  types.ts         |     100 |      100 |     100 |     100 |                   
  ...ad-intents.ts |   97.05 |     70.9 |     100 |   97.05 | 35-36             
  uploads.ts       |    86.2 |    73.33 |      80 |    86.2 | 39-46             
  workflow-jobs.ts |   98.85 |    84.31 |     100 |   98.85 | 88                
 server/db         |      40 |      100 |       0 |      40 |                   
  client.ts        |   33.33 |      100 |       0 |   33.33 | 7-19,25-29        
  leases.ts        |   16.98 |      100 |       0 |   16.98 | 19-68             
  schema.ts        |     100 |      100 |     100 |     100 |                   
  state.ts         |   15.38 |      100 |       0 |   15.38 | 7-17              
 workflows         |   11.11 |      100 |       0 |   11.11 |                   
  ...tion-steps.ts |   11.76 |      100 |       0 |   11.76 | ...20,23-27,30-40 
  verification.ts  |      10 |      100 |       0 |      10 | 4-23              
-------------------|---------|----------|---------|---------|-------------------
# ----------------------------------------------------------------
# finished: 2026-10-04T04:01:43Z (UTC) duration=81s
EXIT_CODE=0
