# command : env ADMIN_ADDRESS=0xCa01c8C68840cd1C9fdF06F124723a5339224096 ATTESTOR_ADDRESS=0x6512e69e2aDb0bba5cF96548546809b9B6f702b5 RELAYER_ADDRESS=0xea36d9628c7CaCa078FbD0a9164A5cF0FAc52933 RESULT_READER_ADDRESS=0x84Bd1D6C317554Ff3539Ec62Da6B2F8f882c8B5e PLANNED_SIGNER_ADDRESSES=0x399a8A182631de9389B3fB3488537c9461d3a43e node --env-file=../.env node_modules/hardhat/internal/cli/cli.js uas:deploy --network sepolia --expected-chain-id 11155111
# cwd     : /contracts
# commit  : 714a2af tracked-changes=0
# started : 2026-10-04T08:58:17Z (UTC) / 2026-10-04T15:58:17 WIB
# node    : v24.21.0  pnpm: 10.19.0  os: MINGW64_NT-10.0-26300
# ----------------------------------------------------------------
{
  "executed": false,
  "plan": {
    "chainId": 11155111,
    "network": "sepolia",
    "deployer": "0xCa01c8C68840cd1C9fdF06F124723a5339224096",
    "roles": {
      "admin": "0xCa01c8C68840cd1C9fdF06F124723a5339224096",
      "attestor": "0x6512e69e2aDb0bba5cF96548546809b9B6f702b5",
      "relayer": "0xea36d9628c7CaCa078FbD0a9164A5cF0FAc52933",
      "reader": "0x84Bd1D6C317554Ff3539Ec62Da6B2F8f882c8B5e",
      "plannedSigners": [
        "0x399a8A182631de9389B3fB3488537c9461d3a43e"
      ]
    },
    "estimatedGas": "3680450",
    "maxFeePerGas": "2215392308",
    "estimatedCostWei": "8153640619978600",
    "deployerBalanceWei": "4473182077934175701"
  }
}
# ----------------------------------------------------------------
# finished: 2026-10-04T08:58:23Z (UTC) duration=6s
EXIT_CODE=0
