# command : env CREDENTIAL_CONTRACT_ADDRESS=0x65b1C8C7B59D9651F8619F287Bc1c309FaE094e0 node --env-file=../.env node_modules/hardhat/internal/cli/cli.js uas:verify-source --network sepolia
# cwd     : /contracts
# commit  : bf39677 tracked-changes=2
# started : 2026-10-04T09:02:47Z (UTC) / 2026-10-04T16:02:47 WIB
# node    : v24.21.0  pnpm: 10.19.0  os: MINGW64_NT-10.0-26300
# ----------------------------------------------------------------
{
  "address": "0x65b1C8C7B59D9651F8619F287Bc1c309FaE094e0",
  "attempts": [
    {
      "provider": "sourcify-v2",
      "verificationId": "63b17621-844f-4845-a0fd-e16c4c0cb34e",
      "compilerVersion": "0.8.28+commit.7893614a",
      "status": "verified",
      "match": "exact_match",
      "creationMatch": "exact_match",
      "runtimeMatch": "exact_match",
      "error": null,
      "repository": "https://repo.sourcify.dev/11155111/0x65b1C8C7B59D9651F8619F287Bc1c309FaE094e0"
    }
  ],
  "recordPath": "C:\\Users\\Maulana\\Pictures\\Matkul IF\\Semester 7\\Blockchain\\UAS\\Degree-E-Sign-and-Verifier-ZamaFHE-main\\contracts\\deployments\\sepolia\\0x65b1C8C7B59D9651F8619F287Bc1c309FaE094e0.json"
}
# ----------------------------------------------------------------
# finished: 2026-10-04T09:03:01Z (UTC) duration=14s
EXIT_CODE=0
