sourceCommit=8a13faaaac696700c8018cc6c947682028393afc
command=pnpm install --frozen-lockfile
startedAtUtc=2026-10-04T15:14:33.303Z
Scope: all 8 workspace projects
Lockfile is up to date, resolution step is skipped
Progress: resolved 1, reused 0, downloaded 0, added 0
Packages: +1506
++++++++++++++++++++++++++++++++++++++++++++++++++++++++++++++++++++++++++++++++
Progress: resolved 1506, reused 741, downloaded 0, added 0
Progress: resolved 1506, reused 1072, downloaded 0, added 0
Progress: resolved 1506, reused 1492, downloaded 0, added 7
Progress: resolved 1506, reused 1495, downloaded 0, added 102
Progress: resolved 1506, reused 1497, downloaded 0, added 231
Progress: resolved 1506, reused 1498, downloaded 0, added 339
Progress: resolved 1506, reused 1498, downloaded 0, added 457
Progress: resolved 1506, reused 1499, downloaded 0, added 483
Progress: resolved 1506, reused 1499, downloaded 0, added 545
Progress: resolved 1506, reused 1499, downloaded 0, added 684
Progress: resolved 1506, reused 1499, downloaded 0, added 802
Progress: resolved 1506, reused 1499, downloaded 0, added 855
Progress: resolved 1506, reused 1499, downloaded 0, added 917
Progress: resolved 1506, reused 1499, downloaded 0, added 947
Progress: resolved 1506, reused 1499, downloaded 0, added 1005
Progress: resolved 1506, reused 1499, downloaded 0, added 1072
Progress: resolved 1506, reused 1499, downloaded 0, added 1096
Progress: resolved 1506, reused 1499, downloaded 0, added 1105
Progress: resolved 1506, reused 1499, downloaded 0, added 1189
Progress: resolved 1506, reused 1499, downloaded 0, added 1209
Progress: resolved 1506, reused 1499, downloaded 0, added 1220
Progress: resolved 1506, reused 1499, downloaded 0, added 1298
Progress: resolved 1506, reused 1499, downloaded 0, added 1466
Progress: resolved 1506, reused 1499, downloaded 0, added 1497
Progress: resolved 1506, reused 1499, downloaded 0, added 1498
Progress: resolved 1506, reused 1499, downloaded 0, added 1500
Progress: resolved 1506, reused 1499, downloaded 0, added 1501
Progress: resolved 1506, reused 1499, downloaded 0, added 1502
Progress: resolved 1506, reused 1499, downloaded 0, added 1503
Progress: resolved 1506, reused 1499, downloaded 0, added 1504
Progress: resolved 1506, reused 1499, downloaded 0, added 1505
Progress: resolved 1506, reused 1499, downloaded 0, added 1506, done

devDependencies:
+ @netlify/zip-it-and-ship-it 16.2.0
+ @types/node 22.19.15
+ @vitest/coverage-v8 3.2.7
+ esbuild 0.28.1
+ eslint 10.11.0
+ toml 5.0.0
+ tsx 4.23.15
+ typescript 5.9.3
+ typescript-eslint 8.70.1
+ vitest 3.2.7
+ yauzl 3.4.0

╭ Warning ─────────────────────────────────────────────────────────────────────╮
│                                                                              │
│   Ignored build scripts: @swc/core, bufferutil, cbor-extract,                │
│   tesseract.js, utf-8-validate.                                              │
│   Run "pnpm approve-builds" to pick which dependencies should be allowed     │
│   to run scripts.                                                            │
│                                                                              │
╰──────────────────────────────────────────────────────────────────────────────╯

Done in 41.5s using pnpm v10.19.0
originalExitCode=0
finishedAtUtc=2026-10-04T15:15:15.109Z
