sourceCommit=8a13faaaac696700c8018cc6c947682028393afc
command=pnpm build
startedAtUtc=2026-10-04T15:17:24.126Z

> verifikasi-monorepo@ build C:\Users\Maulana\AppData\Local\Temp\uasw\final
> pnpm -r --if-present build

Scope: 7 of 8 workspace projects
contracts build$ node scripts/build.cjs
contracts build: Nothing to compile
contracts build: Done
packages/domain build$ tsc --noEmit
packages/domain build: Done
packages/credentials build$ tsc --noEmit
packages/ocr build$ tsc --noEmit
packages/credentials build: Done
packages/ocr build: Done
packages/chain build$ tsc --noEmit
packages/chain build: Done
apps/web build$ node ../../scripts/run-web.mjs build && node ../../scripts/check-deployment.mjs
apps/web build: ▲ Next.js 16.3.6 (webpack)
apps/web build: workflows build complete (10 steps, 1 workflow, time 154ms)
apps/web build: ✓ Running next.config.ts took 1110ms
apps/web build: ⚠ No build cache found. Please configure build caching for faster rebuilds. Read more: https://nextjs.org/docs/messages/no-cache
apps/web build:   Creating an optimized production build ...
apps/web build: ⚠ Compiled with warnings in 34.2s
apps/web build: Circular dependency between chunks with runtime (935, 3316, webpack)
apps/web build: This prevents using hashes of each other and should be avoided.
apps/web build: ../../node_modules/.pnpm/@vercel+queue@0.3.1/node_modules/@vercel/queue/dist/index.mjs
apps/web build: Critical dependency: the request of a dependency is an expression
apps/web build: Import trace for requested module:
apps/web build: ../../node_modules/.pnpm/@vercel+queue@0.3.1/node_modules/@vercel/queue/dist/index.mjs
apps/web build: ../../node_modules/.pnpm/@workflow+world-vercel@4.7.4_@opentelemetry+api@1.9.1/node_modules/@workflow/world-vercel/dist/queue.js
apps/web build: ../../node_modules/.pnpm/@workflow+world-vercel@4.7.4_@opentelemetry+api@1.9.1/node_modules/@workflow/world-vercel/dist/index.js
apps/web build: ../../node_modules/.pnpm/@workflow+core@4.8.9_@opent_9265846c7f63a4e6a7cc180e9113fe86/node_modules/@workflow/core/dist/runtime/world.js
apps/web build: ../../node_modules/.pnpm/@workflow+core@4.8.9_@opent_9265846c7f63a4e6a7cc180e9113fe86/node_modules/@workflow/core/dist/runtime.js
apps/web build: ../../node_modules/.pnpm/workflow@4.8.9_@nestjs+comm_7f1b1396b3945ac43229f240be14e593/node_modules/workflow/dist/api.js
apps/web build: ./src/app/.well-known/workflow/v1/webhook/[token]/route.js
apps/web build:   Running TypeScript ...
apps/web build:   Finished TypeScript in 9.1s ...
apps/web build:   Collecting page data using 15 workers ...
apps/web build:   Generating static pages using 15 workers (0/17) ...
apps/web build:   Generating static pages using 15 workers (4/17) 
apps/web build:   Generating static pages using 15 workers (8/17) 
apps/web build:   Generating static pages using 15 workers (12/17) 
apps/web build: ✓ Generating static pages using 15 workers (17/17) in 3.5s
apps/web build:   Finalizing page optimization ...
apps/web build:   Collecting build traces ...
apps/web build: Route (app)
apps/web build: ┌ ○ /
apps/web build: ├ ○ /_not-found
apps/web build: ├ ƒ /.well-known/workflow/v1/flow
apps/web build: ├ ƒ /.well-known/workflow/v1/step
apps/web build: ├ ƒ /.well-known/workflow/v1/webhook/[token]
apps/web build: ├ ƒ /api/credentials/[id]
apps/web build: ├ ƒ /api/credentials/[id]/document
apps/web build: ├ ƒ /api/credentials/[id]/document/download
apps/web build: ├ ƒ /api/credentials/[id]/proof
apps/web build: ├ ƒ /api/credentials/[id]/verification
apps/web build: ├ ƒ /api/credentials/drafts
apps/web build: ├ ƒ /api/demo
apps/web build: ├ ƒ /api/internal/maintenance
apps/web build: ├ ƒ /api/portal/challenge
apps/web build: ├ ƒ /api/portal/config
apps/web build: ├ ƒ /api/portal/session
apps/web build: ├ ƒ /api/session
apps/web build: ├ ƒ /api/uploads/[id]/finalize
apps/web build: ├ ƒ /api/uploads/[id]/parts/[part]
apps/web build: ├ ƒ /api/uploads/intents
apps/web build: ├ ƒ /api/uploads/token
apps/web build: ├ ƒ /api/verifications
apps/web build: ├ ƒ /api/verifications/[id]
apps/web build: ├ ƒ /api/verifications/[id]/report
apps/web build: ├ ƒ /api/verifications/[id]/retry
apps/web build: ├ ○ /bantuan
apps/web build: ├ ƒ /c/[credentialId]
apps/web build: ├ ○ /icon.svg
apps/web build: ├ ƒ /panduan
apps/web build: ├ ƒ /penerbit
apps/web build: ├ ○ /riwayat
apps/web build: └ ƒ /verifikasi
apps/web build: ○  (Static)   prerendered as static content
apps/web build: ƒ  (Dynamic)  server-rendered on demand
apps/web build: Traced Node SDK imports with TFHE/TKMS WASM; PostgreSQL driver imports successfully.
apps/web build: Traced OCR engines (MuPDF, zxing, tesseract.js ind+eng) read the synthetic fixture from the app directory.
apps/web build: Deployment trace includes Node SDK, both WASM engines, PostgreSQL and OCR engines with ind+eng data (161 MiB before platform packaging).
apps/web build: Done
originalExitCode=0
finishedAtUtc=2026-10-04T15:18:48.933Z
