# command : pnpm --filter @verifikasi/contracts exec hardhat test --no-compile --grep S-01
# cwd     : 
# commit  : a5c3589 tracked-changes=1
# started : 2026-10-03T20:31:59Z (UTC) / 2026-10-04T03:31:59 WIB
# node    : v24.21.0  pnpm: 10.19.0  os: MINGW64_NT-10.0-26300
# ----------------------------------------------------------------


  VerifikasiIjazah — local FHEVM mock (not testnet evidence)
    S-01/S-02: role separation, rotation and administrator continuity
      1) rejects a deployment that places two roles on one address
      2) rejects grants that combine roles or make a signer a service account, in both directions
      ✔ rotates relayer, attestor and reader: revoked accounts fail and replacements work (234ms)
      3) transfers the administrator without ever leaving the contract without one


  1 passing (333ms)
  3 failing

  1) VerifikasiIjazah — local FHEVM mock (not testnet evidence)
       S-01/S-02: role separation, rotation and administrator continuity
         rejects a deployment that places two roles on one address:
     AssertionError [ERR_ASSERTION]: Missing expected rejection.
      at Context.<anonymous> (test\VerifikasiIjazah.cjs:251:9)

  2) VerifikasiIjazah — local FHEVM mock (not testnet evidence)
       S-01/S-02: role separation, rotation and administrator continuity
         rejects grants that combine roles or make a signer a service account, in both directions:
     AssertionError [ERR_ASSERTION]: Missing expected rejection.
      at Context.<anonymous> (test\VerifikasiIjazah.cjs:256:7)

  3) VerifikasiIjazah — local FHEVM mock (not testnet evidence)
       S-01/S-02: role separation, rotation and administrator continuity
         transfers the administrator without ever leaving the contract without one:
     AssertionError [ERR_ASSERTION]: Missing expected rejection.
      at Context.<anonymous> (test\VerifikasiIjazah.cjs:300:7)



undefined
C:\Users\Maulana\Pictures\Matkul IF\Semester 7\Blockchain\UAS\Degree-E-Sign-and-Verifier-ZamaFHE-main\contracts:
 ERR_PNPM_RECURSIVE_EXEC_FIRST_FAIL  Command "hardhat" not found
# ----------------------------------------------------------------
# finished: 2026-10-03T20:32:03Z (UTC) duration=3s
EXIT_CODE=1
