# command : pnpm --filter @verifikasi/contracts test
# cwd     : 
# commit  : 43c3c37 tracked-changes=1
# started : 2026-10-03T20:33:52Z (UTC) / 2026-10-04T03:33:52 WIB
# node    : v24.21.0  pnpm: 10.19.0  os: MINGW64_NT-10.0-26300
# ----------------------------------------------------------------

> @verifikasi/contracts@0.1.0 test C:\Users\Maulana\Pictures\Matkul IF\Semester 7\Blockchain\UAS\Degree-E-Sign-and-Verifier-ZamaFHE-main\contracts
> node scripts/build.cjs --quiet && hardhat test --no-compile



  VerifikasiIjazah — local FHEVM mock (not testnet evidence)
    ✔ rejects unauthorized registry updates, issuance and revocation (60ms)
    ✔ compares all 256 digest bits and decrypts only for the result reader (293ms)
    ✔ S-05: grants no account a decrypt permission on reference values, including the issuing signer (134ms)
    ✔ detects a change in each field, including high digest bits (810ms)
    ✔ rejects replay of request IDs and attestor nonces (49ms)
    ✔ rejects incorrect signer, domain, relayer, deadline and altered input bindings (108ms)
    ✔ disables comparisons for revoked credentials and inactive issuers (47ms)
    ✔ requires a credential payload signature even when the transaction is signed by the authorized wallet
    ✔ rejects payload tampering, cross-domain signatures and ordered ciphertext substitutions (58ms)
    ✔ rejects issuance replay and expiration without expiring already issued records (56ms)
    ✔ S-09: maps malformed and malleable signatures to the contract domain errors (46ms)
    ✔ S-10: validates registry input by byte length with specific errors
    ✔ S-10: rejects signer updates that would not change state instead of succeeding silently
    1) S-03: binds the credential ID to institution, signer and nonce so another signer cannot occupy it
    ✔ rolls back both nonce and record when FHE input proof fails
    ✔ retains historical signer evidence after rotation and permits the replacement to revoke (56ms)
    ✔ retains every authorization period and rejects cross-institution signer reassignment while active
    S-01/S-02: role separation, rotation and administrator continuity
      ✔ rejects a deployment that places two roles on one address (45ms)
      ✔ rejects grants that combine roles or make a signer a service account, in both directions
      ✔ rotates relayer, attestor and reader: revoked accounts fail and replacements work (201ms)
      ✔ transfers the administrator without ever leaving the contract without one


  20 passing (2s)
  1 failing

  1) VerifikasiIjazah — local FHEVM mock (not testnet evidence)
       S-03: binds the credential ID to institution, signer and nonce so another signer cannot occupy it:
     AssertionError [ERR_ASSERTION]: Missing expected rejection.
      at Context.<anonymous> (test\VerifikasiIjazah.cjs:259:5)



C:\Users\Maulana\Pictures\Matkul IF\Semester 7\Blockchain\UAS\Degree-E-Sign-and-Verifier-ZamaFHE-main\contracts:
 ERR_PNPM_RECURSIVE_RUN_FIRST_FAIL  @verifikasi/contracts@0.1.0 test: `node scripts/build.cjs --quiet && hardhat test --no-compile`
Exit status 1
# ----------------------------------------------------------------
# finished: 2026-10-03T20:33:59Z (UTC) duration=6s
EXIT_CODE=1
