# command : pnpm --filter @verifikasi/contracts test
# cwd     : 
# commit  : cfd6514 tracked-changes=2
# started : 2026-10-03T20:38:49Z (UTC) / 2026-10-04T03:38:50 WIB
# node    : v24.21.0  pnpm: 10.19.0  os: MINGW64_NT-10.0-26300
# ----------------------------------------------------------------

> @verifikasi/contracts@0.1.0 test C:\Users\Maulana\Pictures\Matkul IF\Semester 7\Blockchain\UAS\Degree-E-Sign-and-Verifier-ZamaFHE-main\contracts
> node scripts/build.cjs --quiet && hardhat test --no-compile

Compiled 1 Solidity file successfully (evm target: cancun).


  VerifikasiIjazah — local FHEVM mock (not testnet evidence)
    ✔ rejects unauthorized registry updates, issuance and revocation (62ms)
    ✔ compares all 256 digest bits and decrypts only for the result reader (266ms)
    ✔ S-05: grants no account a decrypt permission on reference values, including the issuing signer (121ms)
    ✔ detects a change in each field, including high digest bits (731ms)
    ✔ rejects replay of request IDs and attestor nonces (51ms)
    ✔ rejects incorrect signer, domain, relayer, deadline and altered input bindings (98ms)
    ✔ disables comparisons for revoked credentials and inactive issuers (48ms)
    ✔ requires a credential payload signature even when the transaction is signed by the authorized wallet
    ✔ rejects payload tampering, cross-domain signatures and ordered ciphertext substitutions (61ms)
    ✔ rejects issuance replay and expiration without expiring already issued records (60ms)
    ✔ S-09: maps malformed and malleable signatures to the contract domain errors (46ms)
    ✔ S-10: validates registry input by byte length with specific errors
    ✔ S-10: rejects signer updates that would not change state instead of succeeding silently
    ✔ S-03: binds the credential ID to institution, signer and nonce so another signer cannot occupy it (47ms)
    ✔ S-04: binds the reviewed institution name into the e-signed payload (protocol v2)
    ✔ rolls back both nonce and record when FHE input proof fails
    ✔ retains historical signer evidence after rotation and permits the replacement to revoke (49ms)
    ✔ retains every authorization period and rejects cross-institution signer reassignment while active
    S-01/S-02: role separation, rotation and administrator continuity
      ✔ rejects a deployment that places two roles on one address (41ms)
      ✔ rejects grants that combine roles or make a signer a service account, in both directions
      ✔ rotates relayer, attestor and reader: revoked accounts fail and replacements work (190ms)
      ✔ transfers the administrator without ever leaving the contract without one


  22 passing (2s)

# ----------------------------------------------------------------
# finished: 2026-10-03T20:39:09Z (UTC) duration=19s
EXIT_CODE=0
