# command : pnpm --filter @verifikasi/contracts test
# cwd     : 
# commit  : 96b4a08 tracked-changes=2
# started : 2026-10-03T20:24:24Z (UTC) / 2026-10-04T03:24:24 WIB
# node    : v24.21.0  pnpm: 10.19.0  os: MINGW64_NT-10.0-26300
# ----------------------------------------------------------------

> @verifikasi/contracts@0.1.0 test C:\Users\Maulana\Pictures\Matkul IF\Semester 7\Blockchain\UAS\Degree-E-Sign-and-Verifier-ZamaFHE-main\contracts
> hardhat test



  VerifikasiIjazah — local FHEVM mock (not testnet evidence)
    ✔ rejects unauthorized registry updates, issuance and revocation (58ms)
    ✔ compares all 256 digest bits and decrypts only for the result reader (255ms)
    ✔ S-05: grants no account a decrypt permission on reference values, including the issuing signer (140ms)
    ✔ detects a change in each field, including high digest bits (693ms)
    ✔ rejects replay of request IDs and attestor nonces (41ms)
    ✔ rejects incorrect signer, domain, relayer, deadline and altered input bindings (101ms)
    ✔ disables comparisons for revoked credentials and inactive issuers (40ms)
    ✔ requires a credential payload signature even when the transaction is signed by the authorized wallet
    ✔ rejects payload tampering, cross-domain signatures and ordered ciphertext substitutions (51ms)
    ✔ rejects issuance replay and expiration without expiring already issued records (52ms)
    ✔ rolls back both nonce and record when FHE input proof fails
    ✔ retains historical signer evidence after rotation and permits the replacement to revoke (53ms)
    ✔ retains every authorization period and rejects cross-institution signer reassignment while active


  13 passing (2s)

# ----------------------------------------------------------------
# finished: 2026-10-03T20:24:29Z (UTC) duration=4s
EXIT_CODE=0
