# command : pnpm --filter @verifikasi/contracts exec hardhat test --no-compile --grep S-10
# cwd     : 
# commit  : 07f627a tracked-changes=1
# started : 2026-10-03T20:29:55Z (UTC) / 2026-10-04T03:29:55 WIB
# node    : v24.21.0  pnpm: 10.19.0  os: MINGW64_NT-10.0-26300
# ----------------------------------------------------------------


  VerifikasiIjazah — local FHEVM mock (not testnet evidence)
    1) S-10: validates registry input by byte length with specific errors
    2) S-10: rejects signer updates that would not change state instead of succeeding silently


  0 passing (50ms)
  2 failing

  1) VerifikasiIjazah — local FHEVM mock (not testnet evidence)
       S-10: validates registry input by byte length with specific errors:
     AssertionError [ERR_ASSERTION]: The input did not match the regular expression /InvalidIssuer/. Input:

"Error: VM Exception while processing transaction: reverted with custom error 'InvalidAddress()'"

      at Context.<anonymous> (test\VerifikasiIjazah.cjs:218:5)

  2) VerifikasiIjazah — local FHEVM mock (not testnet evidence)
       S-10: rejects signer updates that would not change state instead of succeeding silently:
     AssertionError [ERR_ASSERTION]: Missing expected rejection.
      at Context.<anonymous> (test\VerifikasiIjazah.cjs:233:5)



undefined
C:\Users\Maulana\Pictures\Matkul IF\Semester 7\Blockchain\UAS\Degree-E-Sign-and-Verifier-ZamaFHE-main\contracts:
 ERR_PNPM_RECURSIVE_EXEC_FIRST_FAIL  Command "hardhat" not found
# ----------------------------------------------------------------
# finished: 2026-10-03T20:29:58Z (UTC) duration=2s
EXIT_CODE=1
