[WebServer] (node:199944) Warning: The 'NO_COLOR' env is ignored due to the 'FORCE_COLOR' env being set.
[WebServer] (Use `node --trace-warnings ...` to show where the warning was created)
[WebServer] (node:199372) Warning: The 'NO_COLOR' env is ignored due to the 'FORCE_COLOR' env being set.
[WebServer] (Use `node --trace-warnings ...` to show where the warning was created)

Running 12 tests using 1 worker

(node:200768) Warning: The 'NO_COLOR' env is ignored due to the 'FORCE_COLOR' env being set.
(Use `node --trace-warnings ...` to show where the warning was created)
  ok  1 tests\e2e\sepolia.spec.ts:206:5 › wallet on Sepolia signs in; switching to another network invalidates the session (6.0s)
  ok  2 tests\e2e\sepolia.spec.ts:217:5 › administrator registers or reuses the synthetic institution and signer, and the portal rejects a no-op (5.1s)
  ok  3 tests\e2e\sepolia.spec.ts:301:5 › institution signer issues three synthetic credentials with EIP-712 e-sign and downloads their PDFs (4.3m)
  ok  4 tests\e2e\sepolia.spec.ts:309:5 › the QR record page verifies without session, upload, OCR or a new transaction (2.9s)
  ok  5 tests\e2e\sepolia.spec.ts:328:5 › uploading the issued PDF yields MATCH from a real FHE comparison (1.3m)
  ok  6 tests\e2e\sepolia.spec.ts:335:5 › one changed attribute with a valid QR yields MISMATCH on that attribute (1.2m)
  ok  7 tests\e2e\sepolia.spec.ts:347:5 › a QR that differs from the expected credential is refused before any comparison transaction (3.3s)
  ok  8 tests\e2e\sepolia.spec.ts:354:5 › a valid QR for B on a document with A attributes yields MISMATCH against record B (1.3m)
  ok  9 tests\e2e\sepolia.spec.ts:365:5 › a document without a valid QR for this application ends INCONCLUSIVE without a transaction (2.4s)
  ok 10 tests\e2e\sepolia.spec.ts:376:5 › revoking credential C through the portal is reflected on the QR page, in uploads and in PDF access (43.2s)
  ok 11 tests\e2e\sepolia.spec.ts:404:5 › history and report are available only to the owning session (643ms)
  ok 12 tests\e2e\sepolia.spec.ts:420:5 › a record on the trusted legacy v1 contract is shown read-only (when a legacy ID is provided) (6.3s)

  Slow test file: tests\e2e\sepolia.spec.ts (9.2m)
  Consider running tests from slow files in parallel. See: https://playwright.dev/docs/test-parallel
  12 passed (9.4m)
