sourceCommit=1413ebd424a7a914967ad6301c648c5c58842a1d
command=pnpm typecheck
startedAtUtc=2026-10-04T17:47:15.695Z

> verifikasi-monorepo@ typecheck C:\Users\Maulana\AppData\Local\Temp\uasw\final
> pnpm -r --if-present typecheck

Scope: 7 of 8 workspace projects
contracts typecheck$ node scripts/build.cjs
contracts typecheck: Compiled 24 Solidity files successfully (evm target: cancun).
contracts typecheck: Done
packages/domain typecheck$ tsc --noEmit
packages/domain typecheck: Done
packages/ocr typecheck$ tsc --noEmit
packages/credentials typecheck$ tsc --noEmit
packages/credentials typecheck: Done
packages/ocr typecheck: Done
packages/chain typecheck$ tsc --noEmit
packages/chain typecheck: Done
apps/web typecheck$ tsc --noEmit
apps/web typecheck: Done
originalExitCode=0
finishedAtUtc=2026-10-04T17:47:50.783Z
