[WebServer] (node:197336) Warning: The 'NO_COLOR' env is ignored due to the 'FORCE_COLOR' env being set.
[WebServer] (Use `node --trace-warnings ...` to show where the warning was created)
[WebServer] (node:198468) Warning: The 'NO_COLOR' env is ignored due to the 'FORCE_COLOR' env being set.
[WebServer] (Use `node --trace-warnings ...` to show where the warning was created)

Running 12 tests using 1 worker

(node:195888) Warning: The 'NO_COLOR' env is ignored due to the 'FORCE_COLOR' env being set.
(Use `node --trace-warnings ...` to show where the warning was created)
  ok  1 tests\e2e\sepolia.spec.ts:194:5 › wallet on Sepolia signs in; switching to another network invalidates the session (6.1s)
  x   2 tests\e2e\sepolia.spec.ts:205:5 › administrator registers or reuses the synthetic institution and signer, and the portal rejects a no-op (71ms)
  -   3 tests\e2e\sepolia.spec.ts:289:5 › institution signer issues three synthetic credentials with EIP-712 e-sign and downloads their PDFs
  -   4 tests\e2e\sepolia.spec.ts:297:5 › the QR record page verifies without session, upload, OCR or a new transaction
  -   5 tests\e2e\sepolia.spec.ts:316:5 › uploading the issued PDF yields MATCH from a real FHE comparison
  -   6 tests\e2e\sepolia.spec.ts:323:5 › one changed attribute with a valid QR yields MISMATCH on that attribute
  -   7 tests\e2e\sepolia.spec.ts:335:5 › a QR that differs from the expected credential is refused before any comparison transaction
  -   8 tests\e2e\sepolia.spec.ts:342:5 › a valid QR for B on a document with A attributes yields MISMATCH against record B
  -   9 tests\e2e\sepolia.spec.ts:353:5 › a document without a valid QR for this application ends INCONCLUSIVE without a transaction
  -  10 tests\e2e\sepolia.spec.ts:359:5 › revoking credential C through the portal is reflected on the QR page, in uploads and in PDF access
  -  11 tests\e2e\sepolia.spec.ts:387:5 › history and report are available only to the owning session
  -  12 tests\e2e\sepolia.spec.ts:403:5 › a record on the trusted legacy v1 contract is shown read-only (when a legacy ID is provided)


  1) tests\e2e\sepolia.spec.ts:205:5 › administrator registers or reuses the synthetic institution and signer, and the portal rejects a no-op 

    TypeError: invalid value for Contract target (argument="target", value=null, code=INVALID_ARGUMENT, version=6.16.0)

      151 | async function latestJob() { return (await (await context.request.get('/api/verifications')).json()).jobs[0]; }
      152 | async function registryState() {
    > 153 |   const contract = new Contract(process.env.CREDENTIAL_CONTRACT_ADDRESS!, contractInterface, rpc);
          |                    ^
      154 |   const confirmations = Math.max(2, Number(process.env.CHAIN_CONFIRMATIONS || '2'));
      155 |   const checkedBlock = Math.max(0, await rpc!.getBlockNumber() - (confirmations - 1));
      156 |   const [issuer, authorization] = await Promise.all([
        at makeError (C:\Users\Maulana\AppData\Local\Temp\uasw\live\node_modules\.pnpm\ethers@6.16.0_bufferutil@4.1.0_utf-8-validate@5.0.10\node_modules\ethers\src.ts\utils\errors.ts:691:21)
        at assert (C:\Users\Maulana\AppData\Local\Temp\uasw\live\node_modules\.pnpm\ethers@6.16.0_bufferutil@4.1.0_utf-8-validate@5.0.10\node_modules\ethers\src.ts\utils\errors.ts:719:25)
        at assertArgument (C:\Users\Maulana\AppData\Local\Temp\uasw\live\node_modules\.pnpm\ethers@6.16.0_bufferutil@4.1.0_utf-8-validate@5.0.10\node_modules\ethers\src.ts\utils\errors.ts:731:5)
        at BaseContract (C:\Users\Maulana\AppData\Local\Temp\uasw\live\node_modules\.pnpm\ethers@6.16.0_bufferutil@4.1.0_utf-8-validate@5.0.10\node_modules\ethers\src.ts\contract\contract.ts:686:23)
        at Contract (C:\Users\Maulana\AppData\Local\Temp\uasw\live\node_modules\.pnpm\ethers@6.16.0_bufferutil@4.1.0_utf-8-validate@5.0.10\node_modules\ethers\src.ts\contract\contract.ts:1120:1)
        at registryState (C:\Users\Maulana\AppData\Local\Temp\uasw\live\apps\web\tests\e2e\sepolia.spec.ts:153:20)
        at C:\Users\Maulana\AppData\Local\Temp\uasw\live\apps\web\tests\e2e\sepolia.spec.ts:207:25

    attachment #1: screenshot (image/png) ──────────────────────────────────────────────────────────
    test-results\sepolia-administrator-regi-858be--the-portal-rejects-a-no-op\test-failed-1.png
    ────────────────────────────────────────────────────────────────────────────────────────────────

    Error Context: test-results\sepolia-administrator-regi-858be--the-portal-rejects-a-no-op\error-context.md

    Error Context: test-results\sepolia-administrator-regi-858be--the-portal-rejects-a-no-op\error-context.md

    attachment #4: trace (application/zip) ─────────────────────────────────────────────────────────
    test-results\sepolia-administrator-regi-858be--the-portal-rejects-a-no-op\trace.zip
    Usage:

        pnpm exec playwright show-trace test-results\sepolia-administrator-regi-858be--the-portal-rejects-a-no-op\trace.zip

    ────────────────────────────────────────────────────────────────────────────────────────────────

  1 failed
    tests\e2e\sepolia.spec.ts:205:5 › administrator registers or reuses the synthetic institution and signer, and the portal rejects a no-op 
  10 did not run
  1 passed (13.1s)
undefined
C:\Users\Maulana\AppData\Local\Temp\uasw\live\apps\web:
 ERR_PNPM_RECURSIVE_EXEC_FIRST_FAIL  Command "playwright" not found
