# command : npx hardhat test
# cwd     : /contracts
# commit  : 96b4a08 tracked-changes=2
# started : 2026-10-03T20:21:24Z (UTC) / 2026-10-04T03:21:24 WIB
# node    : v24.21.0  pnpm: 10.19.0  os: MINGW64_NT-10.0-26300
# ----------------------------------------------------------------
Compiled 1 Solidity file successfully (evm target: cancun).


  VerifikasiIjazah — local FHEVM mock (not testnet evidence)
    1) rejects unauthorized registry updates, issuance and revocation
    ✔ compares all 256 digest bits and decrypts only for the result reader (277ms)
    ✔ S-05: grants no account a decrypt permission on reference values, including the issuing signer (120ms)
    ✔ detects a change in each field, including high digest bits (761ms)
    2) rejects replay of request IDs and attestor nonces
    3) rejects incorrect signer, domain, relayer, deadline and altered input bindings
    4) disables comparisons for revoked credentials and inactive issuers
    ✔ requires a credential payload signature even when the transaction is signed by the authorized wallet
    5) rejects payload tampering, cross-domain signatures and ordered ciphertext substitutions
    6) rejects issuance replay and expiration without expiring already issued records
    ✔ rolls back both nonce and record when FHE input proof fails
    7) retains historical signer evidence after rotation and permits the replacement to revoke
    8) retains every authorization period and rejects cross-institution signer reassignment while active


  5 passing (2s)
  8 failing

  1) VerifikasiIjazah — local FHEVM mock (not testnet evidence)
       rejects unauthorized registry updates, issuance and revocation:
     AssertionError [ERR_ASSERTION]: The input did not match the regular expression /UnauthorizedIssuer/. Input:

'Error: VM Exception while processing transaction: reverted with an unrecognized custom error (return data: 0xb41ba2d6)'

      at Context.<anonymous> (test\VerifikasiIjazah.cjs:74:5)

  2) VerifikasiIjazah — local FHEVM mock (not testnet evidence)
       rejects replay of request IDs and attestor nonces:
     AssertionError [ERR_ASSERTION]: The input did not match the regular expression /ReplayedRequest/. Input:

'Error: VM Exception while processing transaction: reverted with an unrecognized custom error (return data: 0xecdd46eb)'

      at Context.<anonymous> (test\VerifikasiIjazah.cjs:119:5)

  3) VerifikasiIjazah — local FHEVM mock (not testnet evidence)
       rejects incorrect signer, domain, relayer, deadline and altered input bindings:
     AssertionError [ERR_ASSERTION]: The input did not match the regular expression /InvalidAttestation/. Input:

'Error: VM Exception while processing transaction: reverted with an unrecognized custom error (return data: 0xbd8ba84d)'

      at Context.<anonymous> (test\VerifikasiIjazah.cjs:125:5)

  4) VerifikasiIjazah — local FHEVM mock (not testnet evidence)
       disables comparisons for revoked credentials and inactive issuers:
     AssertionError [ERR_ASSERTION]: The input did not match the regular expression /CredentialInactive/. Input:

'Error: VM Exception while processing transaction: reverted with an unrecognized custom error (return data: 0xfbfe6850)'

      at Context.<anonymous> (test\VerifikasiIjazah.cjs:141:5)

  5) VerifikasiIjazah — local FHEVM mock (not testnet evidence)
       rejects payload tampering, cross-domain signatures and ordered ciphertext substitutions:
     AssertionError [ERR_ASSERTION]: The input did not match the regular expression /InvalidCredentialAuthorization/. Input:

'Error: VM Exception while processing transaction: reverted with an unrecognized custom error (return data: 0x8359a0f3)'

      at Context.<anonymous> (test\VerifikasiIjazah.cjs:170:7)

  6) VerifikasiIjazah — local FHEVM mock (not testnet evidence)
       rejects issuance replay and expiration without expiring already issued records:
     AssertionError [ERR_ASSERTION]: The input did not match the regular expression /CredentialAlreadyExists/. Input:

'Error: VM Exception while processing transaction: reverted with an unrecognized custom error (return data: 0x724efe91)'

      at Context.<anonymous> (test\VerifikasiIjazah.cjs:187:5)

  7) VerifikasiIjazah — local FHEVM mock (not testnet evidence)
       retains historical signer evidence after rotation and permits the replacement to revoke:
     AssertionError [ERR_ASSERTION]: The input did not match the regular expression /UnauthorizedIssuer/. Input:

'Error: VM Exception while processing transaction: reverted with an unrecognized custom error (return data: 0xb41ba2d6)'

      at Context.<anonymous> (test\VerifikasiIjazah.cjs:217:5)

  8) VerifikasiIjazah — local FHEVM mock (not testnet evidence)
       retains every authorization period and rejects cross-institution signer reassignment while active:
     AssertionError [ERR_ASSERTION]: The input did not match the regular expression /UnauthorizedIssuer/. Input:

'Error: VM Exception while processing transaction: reverted with an unrecognized custom error (return data: 0xb41ba2d6)'

      at Context.<anonymous> (test\VerifikasiIjazah.cjs:231:5)



# ----------------------------------------------------------------
# finished: 2026-10-03T20:21:41Z (UTC) duration=17s
EXIT_CODE=8
