# command : pnpm --filter @verifikasi/contracts test
# cwd     : 
# commit  : 8bb71ce tracked-changes=4
# started : 2026-10-03T20:28:27Z (UTC) / 2026-10-04T03:28:27 WIB
# node    : v24.21.0  pnpm: 10.19.0  os: MINGW64_NT-10.0-26300
# ----------------------------------------------------------------

> @verifikasi/contracts@0.1.0 test C:\Users\Maulana\Pictures\Matkul IF\Semester 7\Blockchain\UAS\Degree-E-Sign-and-Verifier-ZamaFHE-main\contracts
> node scripts/build.cjs --quiet && hardhat test --no-compile

Compiled 1 Solidity file successfully (evm target: cancun).


  VerifikasiIjazah — local FHEVM mock (not testnet evidence)
    ✔ rejects unauthorized registry updates, issuance and revocation (61ms)
    ✔ compares all 256 digest bits and decrypts only for the result reader (257ms)
    ✔ S-05: grants no account a decrypt permission on reference values, including the issuing signer (110ms)
    ✔ detects a change in each field, including high digest bits (756ms)
    ✔ rejects replay of request IDs and attestor nonces (52ms)
    ✔ rejects incorrect signer, domain, relayer, deadline and altered input bindings (96ms)
    ✔ disables comparisons for revoked credentials and inactive issuers (45ms)
    ✔ requires a credential payload signature even when the transaction is signed by the authorized wallet
    ✔ rejects payload tampering, cross-domain signatures and ordered ciphertext substitutions (55ms)
    ✔ rejects issuance replay and expiration without expiring already issued records (58ms)
    ✔ S-09: maps malformed and malleable signatures to the contract domain errors (47ms)
    ✔ rolls back both nonce and record when FHE input proof fails
    ✔ retains historical signer evidence after rotation and permits the replacement to revoke (56ms)
    ✔ retains every authorization period and rejects cross-institution signer reassignment while active


  14 passing (2s)

# ----------------------------------------------------------------
# finished: 2026-10-03T20:28:46Z (UTC) duration=18s
EXIT_CODE=0
