# command : npx hardhat test
# cwd     : /contracts
# commit  : 8bb71ce tracked-changes=4
# started : 2026-10-03T20:28:21Z (UTC) / 2026-10-04T03:28:21 WIB
# node    : v24.21.0  pnpm: 10.19.0  os: MINGW64_NT-10.0-26300
# ----------------------------------------------------------------


  VerifikasiIjazah — local FHEVM mock (not testnet evidence)
    ✔ rejects unauthorized registry updates, issuance and revocation (58ms)
    ✔ compares all 256 digest bits and decrypts only for the result reader (273ms)
    ✔ S-05: grants no account a decrypt permission on reference values, including the issuing signer (128ms)
    ✔ detects a change in each field, including high digest bits (785ms)
    ✔ rejects replay of request IDs and attestor nonces (48ms)
    ✔ rejects incorrect signer, domain, relayer, deadline and altered input bindings (100ms)
    ✔ disables comparisons for revoked credentials and inactive issuers (44ms)
    ✔ requires a credential payload signature even when the transaction is signed by the authorized wallet
    ✔ rejects payload tampering, cross-domain signatures and ordered ciphertext substitutions (56ms)
    ✔ rejects issuance replay and expiration without expiring already issued records (51ms)
    ✔ S-09: maps malformed and malleable signatures to the contract domain errors (43ms)
    ✔ rolls back both nonce and record when FHE input proof fails
    ✔ retains historical signer evidence after rotation and permits the replacement to revoke (48ms)
    ✔ retains every authorization period and rejects cross-institution signer reassignment while active


  14 passing (2s)

# ----------------------------------------------------------------
# finished: 2026-10-03T20:28:27Z (UTC) duration=5s
EXIT_CODE=0
