
Running 12 tests using 1 worker

  ok  1 tests\e2e\sepolia.spec.ts:174:5 › wallet on Sepolia signs in; switching to another network invalidates the session (6.0s)
  ok  2 tests\e2e\sepolia.spec.ts:185:5 › administrator registers the synthetic institution and signer through the portal (1.1m)
  x   3 tests\e2e\sepolia.spec.ts:241:5 › institution signer issues three synthetic credentials with EIP-712 e-sign and downloads their PDFs (5.1m)
  -   4 tests\e2e\sepolia.spec.ts:249:5 › the QR record page verifies without session, upload, OCR or a new transaction
  -   5 tests\e2e\sepolia.spec.ts:268:5 › uploading the issued PDF yields MATCH from a real FHE comparison
  -   6 tests\e2e\sepolia.spec.ts:275:5 › one changed attribute with a valid QR yields MISMATCH on that attribute
  -   7 tests\e2e\sepolia.spec.ts:287:5 › a QR that differs from the expected credential is refused before any comparison transaction
  -   8 tests\e2e\sepolia.spec.ts:294:5 › a valid QR for B on a document with A attributes yields MISMATCH against record B
  -   9 tests\e2e\sepolia.spec.ts:305:5 › a document without a valid QR for this application ends INCONCLUSIVE without a transaction
  -  10 tests\e2e\sepolia.spec.ts:311:5 › revoking credential C through the portal is reflected on the QR page, in uploads and in PDF access
  -  11 tests\e2e\sepolia.spec.ts:339:5 › history and report are available only to the owning session
  -  12 tests\e2e\sepolia.spec.ts:355:5 › a record on the trusted legacy v1 contract is shown read-only (when a legacy ID is provided)


  1) tests\e2e\sepolia.spec.ts:241:5 › institution signer issues three synthetic credentials with EIP-712 e-sign and downloads their PDFs 

    TimeoutError: locator.check: Timeout 300000ms exceeded.
    Call log:
      - waiting for getByLabel(/Saya telah meninjau data ini/)


      219 |   const started = Date.now();
      220 |   await page.getByRole('button', { name: 'Siapkan data untuk ditinjau', exact: true }).click();
    > 221 |   await page.getByLabel(/Saya telah meninjau data ini/).check({ timeout: 5 * 60_000 });
          |                                                         ^
      222 |   const encryptedSeconds = Math.round((Date.now() - started) / 1000);
      223 |   await page.getByRole('button', { name: 'Lanjut ke pengesahan', exact: true }).click();
      224 |   await page.getByRole('button', { name: 'Sahkan kredensial', exact: true }).click();
        at issue (C:\Users\Maulana\AppData\Local\Temp\uasw\live\apps\web\tests\e2e\sepolia.spec.ts:221:57)
        at C:\Users\Maulana\AppData\Local\Temp\uasw\live\apps\web\tests\e2e\sepolia.spec.ts:246:47

    attachment #1: screenshot (image/png) ──────────────────────────────────────────────────────────
    test-results\sepolia-institution-signer-05260-gn-and-downloads-their-PDFs\test-failed-1.png
    ────────────────────────────────────────────────────────────────────────────────────────────────

    Error Context: test-results\sepolia-institution-signer-05260-gn-and-downloads-their-PDFs\error-context.md

    Error Context: test-results\sepolia-institution-signer-05260-gn-and-downloads-their-PDFs\error-context.md

    attachment #4: trace (application/zip) ─────────────────────────────────────────────────────────
    test-results\sepolia-institution-signer-05260-gn-and-downloads-their-PDFs\trace.zip
    Usage:

        pnpm exec playwright show-trace test-results\sepolia-institution-signer-05260-gn-and-downloads-their-PDFs\trace.zip

    ────────────────────────────────────────────────────────────────────────────────────────────────

  1 failed
    tests\e2e\sepolia.spec.ts:241:5 › institution signer issues three synthetic credentials with EIP-712 e-sign and downloads their PDFs 
  9 did not run
  2 passed (6.3m)
undefined
C:\Users\Maulana\AppData\Local\Temp\uasw\live\apps\web:
 ERR_PNPM_RECURSIVE_EXEC_FIRST_FAIL  Command "playwright" not found
